global @vtable [binding=weak, object=_ZTV1D] = {
  i64 16
  i64 12
  i64 8
  i64 0
  ptr 0
}
global @vtt [binding=weak, object=_ZTT1D, object_root=yes] = {
  ptr addr @vtable + 40
}
function @main() -> i32 [role=entry, binding=strong, keep_alias=yes] {
  slot $d : obj<24x8>
  slot $s2 : i32
  slot $s3 : i32
  block ^b1:
    %v6 = addr $d
    call void @D(%v6)
    %v7 = addr $d
    %v8 = load ptr %v7
    %v9 = index i8 %v8, -24
    %v10 = load i64 %v9
    %v11 = index i8 %v7, %v10
    %v12 = index i8 %v11, 0
    %v13 = index i8 [projection=field] %v12, 0
    store i32 5, %v13
    %v14 = addr $d
    store i32 1, $s3
    %v15 = addr $s3
    %v16 = call ptr @operator__(%v14, %v15)
    %v17 = load ptr %v16
    %v18 = index i8 %v17, -24
    %v19 = load i64 %v18
    %v20 = index i8 %v16, %v19
    %v21 = index i8 %v20, 0
    %v22 = index i8 [projection=field] %v21, 0
    %v23 = load i32 %v22
    %v24 = cmp eq i32 %v23, 5
    branch %v24, ^b2, ^b3
  block ^b2:
    store i32 0, $s2
    jump ^b4
  block ^b3:
    store i32 1, $s2
    jump ^b4
  block ^b4:
    %v25 = load i32 $s2
    return i32 %v25
}
function @D(%v1 : ptr [object_bytes=24]) -> void [unwind=no, binding=weak, object=_ZN1DC1Ev, inline_hint=yes] {
  slot $s4 : ptr
  block ^b5:
    store ptr %v1, $s4
    %v26 = load ptr $s4
    %v27 = addr @vtable
    %v28 = index i8 %v27, 40
    store ptr %v28, %v26
    return void
}
function @operator__(%v2 : ptr [pass=by_address, object_bytes=24], %v3 : ptr [pass=by_address, object_bytes=4]) -> ptr [binding=weak, object=_ZlsI1DiERKT_S3_RKT0_] {
  slot $s5 : ptr
  slot $s6 : ptr
  block ^b6:
    store ptr %v2, $s5
    store ptr %v3, $s6
    %v29 = load ptr $s5
    %v30 = load ptr $s6
    %v31 = call ptr @set_info(%v29, %v30)
    return ptr %v31
}
function @set_info(%v4 : ptr [pass=by_address, object_bytes=24], %v5 : ptr [pass=by_address, object_bytes=4]) -> ptr [binding=weak, object=_Z8set_infoI1DiERKT_S3_RKT0_] {
  slot $s7 : ptr
  slot $s8 : ptr
  block ^b7:
    store ptr %v4, $s7
    store ptr %v5, $s8
    %v32 = load ptr $s7
    %v33 = load ptr %v32
    %v34 = index i8 %v33, -24
    %v35 = load i64 %v34
    %v36 = index i8 %v32, %v35
    %v37 = index i8 %v36, 0
    %v38 = index i8 [projection=field] %v37, 0
    %v39 = load ptr $s7
    return ptr %v39
}
alias object _ZN1DC2Ev = @D
