declare global @__external_rtti_vtable____class_type_info [role=rtti_class, binding=strong, object=_ZTVN10__cxxabiv117__class_type_infoE]
declare global @__external_rtti_vtable____vmi_class_type_info [role=rtti_vmi, binding=strong, object=_ZTVN10__cxxabiv121__vmi_class_type_infoE]

global @__typeinfo_name__struct_V [binding=weak, object=_ZTS1V] = {
  i8 49
  i8 86
  i8 0
}
global @__rtti_struct_V [binding=weak, object=_ZTI1V] = {
  ptr addr @__external_rtti_vtable____class_type_info + 16
  ptr addr @__typeinfo_name__struct_V
}
global @__typeinfo_name__struct_B [binding=weak, object=_ZTS1B] = {
  i8 49
  i8 66
  i8 0
}
global @__rtti_struct_B [binding=weak, object=_ZTI1B] = {
  ptr addr @__external_rtti_vtable____vmi_class_type_info + 16
  ptr addr @__typeinfo_name__struct_B
  i32 0
  i32 1
  ptr addr @__rtti_struct_V
  i64 -6141
}
global @__typeinfo_name__struct_Payload [binding=weak, object=_ZTS7Payload] = {
  i8 55
  i8 80
  i8 97
  i8 121
  i8 108
  i8 111
  i8 97
  i8 100
  i8 0
}
global @__rtti_struct_Payload [binding=weak, object=_ZTI7Payload] = {
  ptr addr @__external_rtti_vtable____class_type_info + 16
  ptr addr @__typeinfo_name__struct_Payload
}
global @__typeinfo_name__struct_Holder [binding=weak, object=_ZTS6Holder] = {
  i8 54
  i8 72
  i8 111
  i8 108
  i8 100
  i8 101
  i8 114
  i8 0
}
global @__rtti_struct_Holder [binding=weak, object=_ZTI6Holder] = {
  ptr addr @__external_rtti_vtable____class_type_info + 16
  ptr addr @__typeinfo_name__struct_Holder
}
global @__typeinfo_name__struct_D [binding=weak, object=_ZTS1D] = {
  i8 49
  i8 68
  i8 0
}
global @__rtti_struct_D [binding=weak, object=_ZTI1D] = {
  ptr addr @__external_rtti_vtable____vmi_class_type_info + 16
  ptr addr @__typeinfo_name__struct_D
  i32 0
  i32 2
  ptr addr @__rtti_struct_Holder
  i64 2050
  ptr addr @__rtti_struct_B
  i64 2
}
global @V__vtable [binding=weak, object=_ZTV1V] = {
  i64 0
  ptr addr @__rtti_struct_V
  ptr addr @V__probe
}
global @B__vtable [binding=weak, object=_ZTV1B] = {
  i64 8
  i64 0
  ptr addr @__rtti_struct_B
}
global @B____view__V__8__vtable [binding=internal, object=@B____view__V__8__vtable] = {
  i64 0
  i64 -8
  ptr addr @__rtti_struct_B
  ptr addr @V__probe
}
global @B____vtt [binding=weak, object=_ZTT1B, object_root=yes] = {
  ptr addr @B__vtable + 24
  ptr addr @B____view__V__8__vtable + 24
}
global @Payload__vtable [binding=weak, object=_ZTV7Payload] = {
  i64 0
  ptr addr @__rtti_struct_Payload
  ptr addr @Payload__read
}
global @D__vtable [binding=weak, object=_ZTV1D] = {
  i64 16
  i64 0
  ptr addr @__rtti_struct_D
}
global @D____view__V__16__vtable [binding=internal, object=@D____view__V__16__vtable] = {
  i64 0
  i64 -16
  ptr addr @__rtti_struct_D
  ptr addr @V__probe
}
global @D____construction__B__0__s0__vtable [binding=internal, object=@D____construction__B__0__s0__vtable] = {
  i64 16
  i64 0
  ptr addr @__rtti_struct_B
}
global @D____construction__B__0__s1__vtable [binding=internal, object=@D____construction__B__0__s1__vtable] = {
  i64 0
  i64 -16
  ptr addr @__rtti_struct_B
  ptr addr @V__probe
}
global @D____vtt [binding=weak, object=_ZTT1D, object_root=yes] = {
  ptr addr @D__vtable + 24
  ptr addr @D____construction__B__0__s0__vtable + 24
  ptr addr @D____construction__B__0__s1__vtable + 24
  ptr addr @D____view__V__16__vtable + 24
}

function @main() -> i32 [role=entry, binding=strong, keep_alias=yes] {
  slot $d : obj<24x8>

  block ^entry:
    %t1 = addr $d
    call void @D__D(%t1)
    %t2 = addr $d
    %t3 = index i8 %t2, 8
    %t4 = index i8 [projection=field] %t3, 0
    %t5 = load ptr %t4
    %t6 = load ptr %t5
    %t7 = call i32 %t6(%t4) as (%arg0 : ptr [object_bytes=8]) -> i32
    return i32 %t7
}
function @V__probe(%this : ptr [object_bytes=8]) -> void [binding=weak, object=_ZN1V5probeEv, inline_hint=yes] {
  slot $this : ptr

  block ^entry:
    store ptr %this, $this
    return void
}
function @B__B__base_entry(%this : ptr [object_bytes=16], %__vtt : ptr, %__vbptr0 : ptr) -> void [binding=strong, object=_ZN1BC2Ev, object_root=yes] {
  slot $this : ptr

  block ^entry:
    store ptr %this, $this
    %t1 = load ptr $this
    %t2 = load ptr %__vtt
    store ptr %t2, %t1
    %t3 = index i8 %__vbptr0, 0
    %t4 = index i8 %__vtt, 8
    %t5 = load ptr %t4
    store ptr %t5, %t3
    return void
}
function @B__B(%this : ptr [object_bytes=16]) -> void [binding=strong, object=_ZN1BC1Ev] {
  slot $this : ptr

  block ^entry:
    store ptr %this, $this
    %t1 = load ptr $this
    %t2 = index i8 %t1, 8
    call void @V__V__base_entry(%t2)
    %t3 = load ptr $this
    %t4 = addr @B__vtable
    %t5 = index i8 %t4, 24
    store ptr %t5, %t3
    %t6 = load ptr $this
    %t7 = load ptr %t6
    %t8 = index i8 %t7, -24
    %t9 = load i64 %t8
    %t10 = index i8 %t6, %t9
    %t11 = index i8 %t10, 0
    %t12 = addr @B____view__V__8__vtable
    %t13 = index i8 %t12, 24
    store ptr %t13, %t11
    return void
}
function @D__D(%this : ptr [object_bytes=24]) -> void [binding=weak, object=_ZN1DC1Ev, inline_hint=yes] {
  slot $this : ptr

  block ^entry:
    store ptr %this, $this
    %t1 = load ptr $this
    %t2 = index i8 %t1, 16
    call void @V__V__base_entry(%t2)
    %t3 = load ptr $this
    %t4 = index i8 %t3, 8
    call void @Holder__Holder__base_entry(%t4)
    %t5 = load ptr $this
    %t6 = index i8 %t5, 0
    %t7 = addr @D____vtt
    %t8 = index i8 %t7, 8
    %t9 = load ptr $this
    %t10 = index i8 %t9, 16
    call void @B__B__base_entry(%t6, %t8, %t10)
    %t11 = load ptr $this
    %t12 = addr @D__vtable
    %t13 = index i8 %t12, 24
    store ptr %t13, %t11
    %t14 = load ptr $this
    %t15 = load ptr %t14
    %t16 = index i8 %t15, -24
    %t17 = load i64 %t16
    %t18 = index i8 %t14, %t17
    %t19 = index i8 %t18, 0
    %t20 = addr @D____view__V__16__vtable
    %t21 = index i8 %t20, 24
    store ptr %t21, %t19
    return void
}
function @Payload__read(%this : ptr [object_bytes=8]) -> i32 [binding=weak, object=_ZN7Payload4readEv, inline_hint=yes] {
  slot $this : ptr

  block ^entry:
    store ptr %this, $this
    return i32 0
}
function @V__V__base_entry(%this : ptr [object_bytes=8]) -> void [unwind=no, binding=weak, object=_ZN1VC2Ev, object_root=yes, inline_hint=yes] {
  slot $this : ptr

  block ^entry:
    store ptr %this, $this
    %t1 = load ptr $this
    %t2 = addr @V__vtable
    %t3 = index i8 %t2, 16
    store ptr %t3, %t1
    return void
}
function @Holder__Holder__base_entry(%this : ptr [object_bytes=8]) -> void [binding=weak, object=_ZN6HolderC2Ev, object_root=yes, inline_hint=yes] {
  slot $this : ptr

  block ^entry:
    store ptr %this, $this
    %t1 = load ptr $this
    %t2 = index i8 [projection=field] %t1, 0
    call void @Payload__Payload(%t2)
    return void
}
function @Payload__Payload(%this : ptr [object_bytes=8]) -> void [unwind=no, binding=weak, object=_ZN7PayloadC1Ev, inline_hint=yes] {
  slot $this : ptr

  block ^entry:
    store ptr %this, $this
    %t1 = load ptr $this
    %t2 = addr @Payload__vtable
    %t3 = index i8 %t2, 16
    store ptr %t3, %t1
    return void
}
alias object _ZN7PayloadC2Ev = @Payload__Payload
