global @vtable [binding=weak, object=_ZTV8BasicIOS] = {
  i64 8
  i64 0
  ptr 0
}
global @vtt [binding=weak, object=_ZTT8BasicIOS, object_root=yes] = {
  ptr addr @vtable + 24
}
global @vtable__1 [binding=weak, object=_ZTV7IStream] = {
  i64 16
  i64 8
  i64 0
  ptr 0
}
global @vtable_view [binding=internal, object=__cppgm_vtable_view_12] = {
  i64 -8
  i64 -16
  ptr 0
}
global @construction_vtable [binding=internal, object=__cppgm_construction_vtable_14] = {
  i64 -8
  i64 0
  ptr 0
}
global @vtt__2 [binding=weak, object=_ZTT7IStream, object_root=yes] = {
  ptr addr @vtable__1 + 32
  ptr addr @vtable_view + 24
  ptr addr @construction_vtable + 24
}
global @vtable__3 [binding=weak, object=_ZTV7OStream] = {
  i64 16
  i64 8
  i64 0
  ptr 0
}
global @vtable_view__4 [binding=internal, object=__cppgm_vtable_view_16] = {
  i64 -8
  i64 -16
  ptr 0
}
global @construction_vtable__6 [binding=internal, object=__cppgm_construction_vtable_18] = {
  i64 -8
  i64 0
  ptr 0
}
global @vtt__5 [binding=weak, object=_ZTT7OStream, object_root=yes] = {
  ptr addr @vtable__3 + 32
  ptr addr @vtable_view__4 + 24
  ptr addr @construction_vtable__6 + 24
}
global @vtable__7 [binding=weak, object=_ZTV8IOStream] = {
  i64 24
  i64 16
  i64 0
  ptr 0
}
global @vtable_view__8 [binding=internal, object=__cppgm_vtable_view_20] = {
  i64 16
  i64 8
  i64 -8
  ptr 0
}
global @vtable_view__9 [binding=internal, object=__cppgm_vtable_view_21] = {
  i64 -8
  i64 -24
  ptr 0
}
global @construction_vtable__11 [binding=internal, object=__cppgm_construction_vtable_23] = {
  i64 24
  i64 16
  i64 0
  ptr 0
}
global @construction_vtable__12 [binding=internal, object=__cppgm_construction_vtable_24] = {
  i64 -8
  i64 -24
  ptr 0
}
global @construction_vtable__13 [binding=internal, object=__cppgm_construction_vtable_25] = {
  i64 16
  i64 8
  i64 0
  ptr 0
}
global @construction_vtable__14 [binding=internal, object=__cppgm_construction_vtable_26] = {
  i64 -8
  i64 -16
  ptr 0
}
global @construction_vtable__15 [binding=internal, object=__cppgm_construction_vtable_27] = {
  i64 -8
  i64 0
  ptr 0
}
global @vtt__10 [binding=weak, object=_ZTT8IOStream, object_root=yes] = {
  ptr addr @vtable__7 + 32
  ptr addr @construction_vtable__11 + 32
  ptr addr @construction_vtable__12 + 24
  ptr addr @construction_vtable__13 + 32
  ptr addr @construction_vtable__14 + 24
  ptr addr @vtable_view__8 + 32
  ptr addr @vtable_view__9 + 24
  ptr addr @construction_vtable__15 + 24
}
global @vtable__16 [binding=weak, object=_ZTV12StringStream] = {
  i64 24
  i64 16
  i64 0
  ptr 0
}
global @vtable_view__17 [binding=internal, object=__cppgm_vtable_view_29] = {
  i64 16
  i64 8
  i64 -8
  ptr 0
}
global @vtable_view__18 [binding=internal, object=__cppgm_vtable_view_30] = {
  i64 -8
  i64 -24
  ptr 0
}
global @construction_vtable__20 [binding=internal, object=__cppgm_construction_vtable_32] = {
  i64 24
  i64 16
  i64 0
  ptr 0
}
global @construction_vtable__21 [binding=internal, object=__cppgm_construction_vtable_33] = {
  i64 24
  i64 16
  i64 0
  ptr 0
}
global @construction_vtable__22 [binding=internal, object=__cppgm_construction_vtable_34] = {
  i64 -8
  i64 -24
  ptr 0
}
global @construction_vtable__23 [binding=internal, object=__cppgm_construction_vtable_35] = {
  i64 16
  i64 8
  i64 0
  ptr 0
}
global @construction_vtable__24 [binding=internal, object=__cppgm_construction_vtable_36] = {
  i64 -8
  i64 -16
  ptr 0
}
global @construction_vtable__25 [binding=internal, object=__cppgm_construction_vtable_37] = {
  i64 16
  i64 8
  i64 -8
  ptr 0
}
global @construction_vtable__26 [binding=internal, object=__cppgm_construction_vtable_38] = {
  i64 -8
  i64 -24
  ptr 0
}
global @construction_vtable__27 [binding=internal, object=__cppgm_construction_vtable_39] = {
  i64 -8
  i64 0
  ptr 0
}
global @vtt__19 [binding=weak, object=_ZTT12StringStream, object_root=yes] = {
  ptr addr @vtable__16 + 32
  ptr addr @construction_vtable__20 + 32
  ptr addr @construction_vtable__21 + 32
  ptr addr @construction_vtable__22 + 24
  ptr addr @construction_vtable__23 + 32
  ptr addr @construction_vtable__24 + 24
  ptr addr @construction_vtable__25 + 32
  ptr addr @construction_vtable__26 + 24
  ptr addr @vtable_view__17 + 32
  ptr addr @vtable_view__18 + 24
  ptr addr @construction_vtable__27 + 24
}
function @StringStream(%v1 : ptr [object_bytes=32]) -> void [binding=weak, object=_ZN12StringStreamC1Ev, inline_hint=yes] {
  slot $s1 : ptr
  block ^b1:
    store ptr %v1, $s1
    %v19 = load ptr $s1
    %v20 = index i8 %v19, 24
    %v21 = addr @vtt__19
    %v22 = index i8 %v21, 80
    %v23 = load ptr $s1
    %v24 = index i8 %v23, 16
    call void @BasicIOS(%v20, %v22, %v24)
    %v25 = load ptr $s1
    %v26 = index i8 %v25, 0
    %v27 = addr @vtt__19
    %v28 = index i8 %v27, 8
    %v29 = load ptr $s1
    %v30 = index i8 %v29, 16
    %v31 = load ptr $s1
    %v32 = index i8 %v31, 24
    call void @IOStream(%v26, %v28, %v30, %v32)
    %v33 = load ptr $s1
    %v34 = addr @vtable__16
    %v35 = index i8 %v34, 32
    store ptr %v35, %v33
    %v36 = load ptr $s1
    %v37 = index i8 %v36, 8
    %v38 = addr @vtable_view__17
    %v39 = index i8 %v38, 32
    store ptr %v39, %v37
    %v40 = load ptr $s1
    %v41 = load ptr %v40
    %v42 = index i8 %v41, -32
    %v43 = load i64 %v42
    %v44 = index i8 %v40, %v43
    %v45 = index i8 %v44, 0
    %v46 = addr @vtable_view__18
    %v47 = index i8 %v46, 24
    store ptr %v47, %v45
    %v48 = load ptr $s1
    %v49 = load ptr $s1
    %v50 = index i8 %v49, 16
    %v51 = index i8 %v50, 0
    %v52 = index i8 [projection=field] %v51, 0
    store i32 7, %v52
    return void
}
function @BasicIOS(%v2 : ptr [object_bytes=16], %v3 : ptr, %v4 : ptr) -> void [unwind=no, binding=weak, object=_ZN8BasicIOSC2Ev, object_root=yes, inline_hint=yes] {
  slot $s2 : ptr
  block ^b2:
    store ptr %v2, $s2
    %v53 = load ptr $s2
    %v54 = load ptr %v3
    store ptr %v54, %v53
    return void
}
function @IOStream(%v5 : ptr [object_bytes=32], %v6 : ptr, %v7 : ptr, %v8 : ptr) -> void [unwind=no, binding=weak, object=_ZN8IOStreamC2Ev, object_root=yes, inline_hint=yes] {
  slot $s3 : ptr
  block ^b3:
    store ptr %v5, $s3
    %v55 = load ptr $s3
    %v56 = index i8 %v55, 0
    %v57 = index i8 %v6, 8
    call void @IStream(%v56, %v57, %v7, %v8)
    %v58 = load ptr $s3
    %v59 = index i8 %v58, 8
    %v60 = index i8 %v6, 24
    call void @OStream(%v59, %v60, %v7, %v8)
    %v61 = load ptr $s3
    %v62 = load ptr %v6
    store ptr %v62, %v61
    %v63 = load ptr $s3
    %v64 = index i8 %v63, 8
    %v65 = index i8 %v6, 40
    %v66 = load ptr %v65
    store ptr %v66, %v64
    %v67 = index i8 %v8, 0
    %v68 = index i8 %v6, 48
    %v69 = load ptr %v68
    store ptr %v69, %v67
    return void
}
function @IStream(%v9 : ptr [object_bytes=24], %v10 : ptr, %v11 : ptr, %v12 : ptr) -> void [unwind=no, binding=weak, object=_ZN7IStreamC2Ev, object_root=yes, inline_hint=yes] {
  slot $s4 : ptr
  block ^b4:
    store ptr %v9, $s4
    %v70 = load ptr $s4
    %v71 = load ptr %v10
    store ptr %v71, %v70
    %v72 = index i8 %v12, 0
    %v73 = index i8 %v10, 8
    %v74 = load ptr %v73
    store ptr %v74, %v72
    return void
}
function @OStream(%v13 : ptr [object_bytes=24], %v14 : ptr, %v15 : ptr, %v16 : ptr) -> void [unwind=no, binding=weak, object=_ZN7OStreamC2Ev, object_root=yes, inline_hint=yes] {
  slot $s5 : ptr
  block ^b5:
    store ptr %v13, $s5
    %v75 = load ptr $s5
    %v76 = load ptr %v14
    store ptr %v76, %v75
    %v77 = index i8 %v16, 0
    %v78 = index i8 %v14, 8
    %v79 = load ptr %v78
    store ptr %v79, %v77
    return void
}
function @read(%v17 : ptr) -> i32 [binding=strong, object=_Z4readP7OStream] {
  slot $s6 : ptr
  block ^b6:
    store ptr %v17, $s6
    %v80 = load ptr $s6
    %v81 = load ptr %v80
    %v82 = index i8 %v81, -24
    %v83 = load i64 %v82
    %v84 = index i8 %v80, %v83
    %v85 = index i8 %v84, 0
    %v86 = index i8 [projection=field] %v85, 0
    %v87 = load i32 %v86
    return i32 %v87
}
function @call(%v18 : ptr [pass=by_address, object_bytes=8]) -> i32 [binding=strong, object=_Z4callRKP12StringStream] {
  slot $s7 : ptr
  slot $s8 : ptr
  block ^b7:
    store ptr %v18, $s7
    %v88 = load ptr $s7
    %v89 = load ptr %v88
    %v90 = cmp eq ptr %v89, 0
    branch %v90, ^b8, ^b9
  block ^b8:
    store ptr 0, $s8
    jump ^b10
  block ^b9:
    %v91 = index i8 %v89, 8
    store ptr %v91, $s8
    jump ^b10
  block ^b10:
    %v92 = load ptr $s8
    %v93 = call i32 @read(%v92)
    return i32 %v93
}
function @main() -> i32 [role=entry, binding=strong, keep_alias=yes] {
  slot $stream : obj<32x8>
  slot $ptr : ptr
  slot $s11 : i32
  block ^b11:
    %v94 = addr $stream
    call void @StringStream(%v94)
    %v95 = addr $stream
    store ptr %v95, $ptr
    %v96 = addr $ptr
    %v97 = call i32 @call(%v96)
    %v98 = cmp eq i32 %v97, 7
    branch %v98, ^b12, ^b13
  block ^b12:
    store i32 0, $s11
    jump ^b14
  block ^b13:
    store i32 1, $s11
    jump ^b14
  block ^b14:
    %v99 = load i32 $s11
    return i32 %v99
}
alias object _ZN12StringStreamC2Ev = @StringStream
