declare global @__external_rtti_vtable____class_type_info [role=rtti_class, binding=strong, object=_ZTVN10__cxxabiv117__class_type_infoE]
declare global @__external_rtti_vtable____si_class_type_info [role=rtti_si, binding=strong, object=_ZTVN10__cxxabiv120__si_class_type_infoE]
declare global @__external_rtti_vtable____vmi_class_type_info [role=rtti_vmi, binding=strong, object=_ZTVN10__cxxabiv121__vmi_class_type_infoE]

global @__typeinfo_name__struct_V [binding=weak, object=_ZTS1V] = {
  i8 49
  i8 86
  i8 0
}
global @__rtti_struct_V [binding=weak, object=_ZTI1V] = {
  ptr addr @__external_rtti_vtable____class_type_info + 16
  ptr addr @__typeinfo_name__struct_V
}
global @__typeinfo_name__struct_A [binding=weak, object=_ZTS1A] = {
  i8 49
  i8 65
  i8 0
}
global @__rtti_struct_A [binding=weak, object=_ZTI1A] = {
  ptr addr @__external_rtti_vtable____vmi_class_type_info + 16
  ptr addr @__typeinfo_name__struct_A
  i32 0
  i32 1
  ptr addr @__rtti_struct_V
  i64 -6141
}
global @__typeinfo_name__struct_B [binding=weak, object=_ZTS1B] = {
  i8 49
  i8 66
  i8 0
}
global @__rtti_struct_B [binding=weak, object=_ZTI1B] = {
  ptr addr @__external_rtti_vtable____vmi_class_type_info + 16
  ptr addr @__typeinfo_name__struct_B
  i32 0
  i32 1
  ptr addr @__rtti_struct_V
  i64 -6141
}
global @__typeinfo_name__struct_AB [binding=weak, object=_ZTS2AB] = {
  i8 50
  i8 65
  i8 66
  i8 0
}
global @__rtti_struct_AB [binding=weak, object=_ZTI2AB] = {
  ptr addr @__external_rtti_vtable____vmi_class_type_info + 16
  ptr addr @__typeinfo_name__struct_AB
  i32 2
  i32 2
  ptr addr @__rtti_struct_A
  i64 2
  ptr addr @__rtti_struct_B
  i64 2050
}
global @__typeinfo_name__struct_D [binding=weak, object=_ZTS1D] = {
  i8 49
  i8 68
  i8 0
}
global @__rtti_struct_D [binding=weak, object=_ZTI1D] = {
  ptr addr @__external_rtti_vtable____si_class_type_info + 16
  ptr addr @__typeinfo_name__struct_D
  ptr addr @__rtti_struct_AB
}
global @V__vtable [binding=weak, object=_ZTV1V] = {
  i64 0
  ptr addr @__rtti_struct_V
  ptr addr @V__anchor
}
global @A__vtable [binding=weak, object=_ZTV1A] = {
  i64 8
  i64 0
  ptr addr @__rtti_struct_A
}
global @A____view__V__8__vtable [binding=internal, object=@A____view__V__8__vtable] = {
  i64 0
  i64 -8
  ptr addr @__rtti_struct_A
  ptr addr @V__anchor
}
global @A____vtt [binding=weak, object=_ZTT1A, object_root=yes] = {
  ptr addr @A__vtable + 24
  ptr addr @A____view__V__8__vtable + 24
}
global @B__vtable [binding=weak, object=_ZTV1B] = {
  i64 8
  i64 0
  ptr addr @__rtti_struct_B
}
global @B____view__V__8__vtable [binding=internal, object=@B____view__V__8__vtable] = {
  i64 0
  i64 -8
  ptr addr @__rtti_struct_B
  ptr addr @V__anchor
}
global @B____vtt [binding=weak, object=_ZTT1B, object_root=yes] = {
  ptr addr @B__vtable + 24
  ptr addr @B____view__V__8__vtable + 24
}
global @AB__vtable [binding=weak, object=_ZTV2AB] = {
  i64 16
  i64 0
  ptr addr @__rtti_struct_AB
}
global @AB____view__B__8__vtable [binding=internal, object=@AB____view__B__8__vtable] = {
  i64 8
  i64 -8
  ptr addr @__rtti_struct_AB
}
global @AB____view__V__16__vtable [binding=internal, object=@AB____view__V__16__vtable] = {
  i64 0
  i64 -16
  ptr addr @__rtti_struct_AB
  ptr addr @V__anchor
}
global @AB____construction__A__0__s0__vtable [binding=internal, object=@AB____construction__A__0__s0__vtable] = {
  i64 16
  i64 0
  ptr addr @__rtti_struct_A
}
global @AB____construction__A__0__s1__vtable [binding=internal, object=@AB____construction__A__0__s1__vtable] = {
  i64 0
  i64 -16
  ptr addr @__rtti_struct_A
  ptr addr @V__anchor
}
global @AB____construction__B__8__s0__vtable [binding=internal, object=@AB____construction__B__8__s0__vtable] = {
  i64 8
  i64 0
  ptr addr @__rtti_struct_B
}
global @AB____construction__B__8__s1__vtable [binding=internal, object=@AB____construction__B__8__s1__vtable] = {
  i64 0
  i64 -8
  ptr addr @__rtti_struct_B
  ptr addr @V__anchor
}
global @AB____vtt [binding=weak, object=_ZTT2AB, object_root=yes] = {
  ptr addr @AB__vtable + 24
  ptr addr @AB____construction__A__0__s0__vtable + 24
  ptr addr @AB____construction__A__0__s1__vtable + 24
  ptr addr @AB____construction__B__8__s0__vtable + 24
  ptr addr @AB____construction__B__8__s1__vtable + 24
  ptr addr @AB____view__B__8__vtable + 24
  ptr addr @AB____view__V__16__vtable + 24
}
global @D__vtable [binding=weak, object=_ZTV1D] = {
  i64 16
  i64 0
  ptr addr @__rtti_struct_D
}
global @D____view__B__8__vtable [binding=internal, object=@D____view__B__8__vtable] = {
  i64 8
  i64 -8
  ptr addr @__rtti_struct_D
}
global @D____view__V__16__vtable [binding=internal, object=@D____view__V__16__vtable] = {
  i64 0
  i64 -16
  ptr addr @__rtti_struct_D
  ptr addr @V__anchor
}
global @D____construction__AB__0__s0__vtable [binding=internal, object=@D____construction__AB__0__s0__vtable] = {
  i64 16
  i64 0
  ptr addr @__rtti_struct_AB
}
global @D____construction__A__0__s0__vtable [binding=internal, object=@D____construction__A__0__s0__vtable] = {
  i64 16
  i64 0
  ptr addr @__rtti_struct_A
}
global @D____construction__A__0__s1__vtable [binding=internal, object=@D____construction__A__0__s1__vtable] = {
  i64 0
  i64 -16
  ptr addr @__rtti_struct_A
  ptr addr @V__anchor
}
global @D____construction__B__8__s0__vtable [binding=internal, object=@D____construction__B__8__s0__vtable] = {
  i64 8
  i64 0
  ptr addr @__rtti_struct_B
}
global @D____construction__B__8__s1__vtable [binding=internal, object=@D____construction__B__8__s1__vtable] = {
  i64 0
  i64 -8
  ptr addr @__rtti_struct_B
  ptr addr @V__anchor
}
global @D____construction__AB__0__s1__vtable [binding=internal, object=@D____construction__AB__0__s1__vtable] = {
  i64 8
  i64 -8
  ptr addr @__rtti_struct_AB
}
global @D____construction__AB__0__s2__vtable [binding=internal, object=@D____construction__AB__0__s2__vtable] = {
  i64 0
  i64 -16
  ptr addr @__rtti_struct_AB
  ptr addr @V__anchor
}
global @D____vtt [binding=weak, object=_ZTT1D, object_root=yes] = {
  ptr addr @D__vtable + 24
  ptr addr @D____construction__AB__0__s0__vtable + 24
  ptr addr @D____construction__A__0__s0__vtable + 24
  ptr addr @D____construction__A__0__s1__vtable + 24
  ptr addr @D____construction__B__8__s0__vtable + 24
  ptr addr @D____construction__B__8__s1__vtable + 24
  ptr addr @D____construction__AB__0__s1__vtable + 24
  ptr addr @D____construction__AB__0__s2__vtable + 24
  ptr addr @D____view__B__8__vtable + 24
  ptr addr @D____view__V__16__vtable + 24
}
global @live : i32 [binding=strong, object=_Z4live] = 0

function @main() -> i32 [role=entry, binding=strong, keep_alias=yes] {
  slot $value : obj<24x8>
  slot $cond__1 : i32

  block ^entry:
    %t1 = addr $value
    call void @D__D(%t1)
    %t2 = load i32 @live
    %t3 = cmp ne i32 %t2, 1
    branch %t3, ^if_then_1, ^if_else_2

  block ^if_then_1:
    %t4 = addr $value
    call void @D___D(%t4)
    return i32 1

  block ^if_else_2:
    jump ^if_end_3

  block ^if_end_3:
    %t5 = addr $value
    call void @D___D(%t5)
    %t6 = load i32 @live
    %t7 = cmp eq i32 %t6, 0
    branch %t7, ^cond_then_4, ^cond_else_5

  block ^cond_then_4:
    store i32 0, $cond__1
    jump ^cond_end_6

  block ^cond_else_5:
    store i32 2, $cond__1
    jump ^cond_end_6

  block ^cond_end_6:
    %t8 = load i32 $cond__1
    return i32 %t8
}
function @V__anchor(%this : ptr [object_bytes=8]) -> void [unwind=no, binding=weak, object=_ZN1V6anchorEv, inline_hint=yes] {
  slot $this : ptr

  block ^entry:
    store ptr %this, $this
    return void
}
function @D__D(%this : ptr [object_bytes=24]) -> void [binding=weak, object=_ZN1DC1Ev, inline_hint=yes] {
  slot $this : ptr

  block ^entry:
    store ptr %this, $this
    %t1 = load ptr $this
    %t2 = index i8 %t1, 16
    call void @V__V__base_entry(%t2)
    eh_cleanup ^constructor_cleanup_1
    %t5 = load ptr $this
    %t6 = index i8 %t5, 0
    %t7 = addr @D____vtt
    %t8 = index i8 %t7, 8
    %t9 = load ptr $this
    %t10 = index i8 %t9, 16
    call void @AB__AB__base_entry(%t6, %t8, %t10)
    eh_end
    eh_cleanup ^constructor_cleanup_2
    %t17 = load ptr $this
    %t18 = addr @D__vtable
    %t19 = index i8 %t18, 24
    store ptr %t19, %t17
    %t20 = load ptr $this
    %t21 = index i8 %t20, 8
    %t22 = addr @D____view__B__8__vtable
    %t23 = index i8 %t22, 24
    store ptr %t23, %t21
    %t24 = load ptr $this
    %t25 = load ptr %t24
    %t26 = index i8 %t25, -24
    %t27 = load i64 %t26
    %t28 = index i8 %t24, %t27
    %t29 = index i8 %t28, 0
    %t30 = addr @D____view__V__16__vtable
    %t31 = index i8 %t30, 24
    store ptr %t31, %t29
    eh_end
    return void

  block ^constructor_cleanup_1:
    %t3 = load ptr $this
    %t4 = index i8 %t3, 16
    call void @V___V(%t4)
    eh_end
    resume

  block ^constructor_cleanup_2:
    %t11 = load ptr $this
    %t12 = index i8 %t11, 0
    %t13 = addr @D____vtt
    %t14 = index i8 %t13, 8
    %t15 = load ptr $this
    %t16 = index i8 %t15, 16
    call void @AB___AB__base_entry(%t12, %t14, %t16)
    jump ^constructor_cleanup_1
}
function @D___D__base_entry(%this : ptr [object_bytes=24], %__vtt : ptr, %__vbptr0 : ptr) -> void [binding=weak, object=_ZN1DD2Ev, object_root=yes, inline_hint=yes] {
  slot $this : ptr

  block ^entry:
    store ptr %this, $this
    eh_cleanup ^destructor_cleanup_1
    %t1 = load ptr $this
    %t2 = load ptr %__vtt
    store ptr %t2, %t1
    %t3 = load ptr $this
    %t4 = index i8 %t3, 8
    %t5 = index i8 %__vtt, 64
    %t6 = load ptr %t5
    store ptr %t6, %t4
    %t7 = index i8 %__vbptr0, 0
    %t8 = index i8 %__vtt, 72
    %t9 = load ptr %t8
    store ptr %t9, %t7
    eh_end
    %t10 = load ptr $this
    %t11 = index i8 %t10, 0
    %t12 = index i8 %__vtt, 8
    call void @AB___AB__base_entry(%t11, %t12, %__vbptr0)
    jump ^destructor_end_2

  block ^destructor_cleanup_1:
    %t13 = load ptr $this
    %t14 = index i8 %t13, 0
    %t15 = index i8 %__vtt, 8
    call void @AB___AB__base_entry(%t14, %t15, %__vbptr0)
    eh_end
    resume

  block ^destructor_end_2:
    return void
}
function @D___D(%this : ptr [object_bytes=24]) -> void [unwind=no, binding=weak, object=_ZN1DD1Ev, inline_hint=yes] {
  slot $this : ptr

  block ^entry:
    store ptr %this, $this
    eh_cleanup ^destructor_cleanup_1
    %t1 = load ptr $this
    %t2 = addr @D__vtable
    %t3 = index i8 %t2, 24
    store ptr %t3, %t1
    %t4 = load ptr $this
    %t5 = index i8 %t4, 8
    %t6 = addr @D____view__B__8__vtable
    %t7 = index i8 %t6, 24
    store ptr %t7, %t5
    %t8 = load ptr $this
    %t9 = load ptr %t8
    %t10 = index i8 %t9, -24
    %t11 = load i64 %t10
    %t12 = index i8 %t8, %t11
    %t13 = index i8 %t12, 0
    %t14 = addr @D____view__V__16__vtable
    %t15 = index i8 %t14, 24
    store ptr %t15, %t13
    eh_end
    eh_cleanup ^destructor_suffix_cleanup_3
    %t16 = load ptr $this
    %t17 = index i8 %t16, 0
    %t18 = addr @D____vtt
    %t19 = index i8 %t18, 8
    %t20 = load ptr $this
    %t21 = index i8 %t20, 16
    call void @AB___AB__base_entry(%t17, %t19, %t21)
    eh_end
    jump ^destructor_suffix_next_4

  block ^destructor_suffix_cleanup_3:
    %t22 = load ptr $this
    %t23 = index i8 %t22, 16
    call void @V___V__base_entry(%t23)
    eh_end
    resume

  block ^destructor_suffix_next_4:
    %t24 = load ptr $this
    %t25 = index i8 %t24, 16
    call void @V___V__base_entry(%t25)
    jump ^destructor_end_2

  block ^destructor_cleanup_1:
    %t26 = load ptr $this
    %t27 = index i8 %t26, 0
    %t28 = addr @D____vtt
    %t29 = index i8 %t28, 8
    %t30 = load ptr $this
    %t31 = index i8 %t30, 16
    call void @AB___AB__base_entry(%t27, %t29, %t31)
    %t32 = load ptr $this
    %t33 = index i8 %t32, 16
    call void @V___V__base_entry(%t33)
    eh_end
    resume

  block ^destructor_end_2:
    return void
}
function @V__V__base_entry(%this : ptr [object_bytes=8]) -> void [unwind=no, binding=weak, object=_ZN1VC2Ev, object_root=yes, inline_hint=yes] {
  slot $this : ptr

  block ^entry:
    store ptr %this, $this
    %t1 = load ptr $this
    %t2 = addr @V__vtable
    %t3 = index i8 %t2, 16
    store ptr %t3, %t1
    %t4 = load i32 @live
    %t5 = binary add i32 %t4, 1
    store i32 %t5, @live
    return void
}
function @V__V(%this : ptr [object_bytes=8]) -> void [unwind=no, binding=weak, object=_ZN1VC1Ev, inline_hint=yes] {
  slot $this : ptr

  block ^entry:
    store ptr %this, $this
    %t1 = load ptr $this
    %t2 = addr @V__vtable
    %t3 = index i8 %t2, 16
    store ptr %t3, %t1
    %t4 = load i32 @live
    %t5 = binary add i32 %t4, 1
    store i32 %t5, @live
    return void
}
function @AB__AB__base_entry(%this : ptr [object_bytes=24], %__vtt : ptr, %__vbptr0 : ptr) -> void [binding=weak, object=_ZN2ABC2Ev, object_root=yes, inline_hint=yes] {
  slot $this : ptr

  block ^entry:
    store ptr %this, $this
    %t1 = load ptr $this
    %t2 = index i8 %t1, 0
    %t3 = index i8 %__vtt, 8
    call void @A__A__base_entry(%t2, %t3, %__vbptr0)
    eh_cleanup ^constructor_cleanup_1
    %t7 = load ptr $this
    %t8 = index i8 %t7, 8
    %t9 = index i8 %__vtt, 24
    call void @B__B__base_entry(%t8, %t9, %__vbptr0)
    eh_end
    eh_cleanup ^constructor_cleanup_2
    %t13 = load ptr $this
    %t14 = load ptr %__vtt
    store ptr %t14, %t13
    %t15 = load ptr $this
    %t16 = index i8 %t15, 8
    %t17 = index i8 %__vtt, 40
    %t18 = load ptr %t17
    store ptr %t18, %t16
    %t19 = index i8 %__vbptr0, 0
    %t20 = index i8 %__vtt, 48
    %t21 = load ptr %t20
    store ptr %t21, %t19
    eh_end
    return void

  block ^constructor_cleanup_1:
    %t4 = load ptr $this
    %t5 = index i8 %t4, 0
    %t6 = index i8 %__vtt, 8
    call void @A___A__base_entry(%t5, %t6, %__vbptr0)
    eh_end
    resume

  block ^constructor_cleanup_2:
    %t10 = load ptr $this
    %t11 = index i8 %t10, 8
    %t12 = index i8 %__vtt, 24
    call void @B___B__base_entry(%t11, %t12, %__vbptr0)
    jump ^constructor_cleanup_1
}
function @V___V__base_entry(%this : ptr [object_bytes=8]) -> void [unwind=no, binding=weak, object=_ZN1VD2Ev, object_root=yes, inline_hint=yes] {
  slot $this : ptr

  block ^entry:
    store ptr %this, $this
    %t1 = load ptr $this
    %t2 = addr @V__vtable
    %t3 = index i8 %t2, 16
    store ptr %t3, %t1
    %t4 = load i32 @live
    %t5 = binary sub i32 %t4, 1
    store i32 %t5, @live
    return void
}
function @V___V(%this : ptr [object_bytes=8]) -> void [unwind=no, binding=weak, object=_ZN1VD1Ev, inline_hint=yes] {
  slot $this : ptr

  block ^entry:
    store ptr %this, $this
    %t1 = load ptr $this
    %t2 = addr @V__vtable
    %t3 = index i8 %t2, 16
    store ptr %t3, %t1
    %t4 = load i32 @live
    %t5 = binary sub i32 %t4, 1
    store i32 %t5, @live
    return void
}
function @AB___AB__base_entry(%this : ptr [object_bytes=24], %__vtt : ptr, %__vbptr0 : ptr) -> void [unwind=no, binding=weak, object=_ZN2ABD2Ev, object_root=yes, inline_hint=yes] {
  slot $this : ptr

  block ^entry:
    store ptr %this, $this
    eh_cleanup ^destructor_cleanup_1
    %t1 = load ptr $this
    %t2 = load ptr %__vtt
    store ptr %t2, %t1
    %t3 = load ptr $this
    %t4 = index i8 %t3, 8
    %t5 = index i8 %__vtt, 40
    %t6 = load ptr %t5
    store ptr %t6, %t4
    %t7 = index i8 %__vbptr0, 0
    %t8 = index i8 %__vtt, 48
    %t9 = load ptr %t8
    store ptr %t9, %t7
    eh_end
    eh_cleanup ^destructor_suffix_cleanup_3
    %t10 = load ptr $this
    %t11 = index i8 %t10, 8
    %t12 = index i8 %__vtt, 24
    call void @B___B__base_entry(%t11, %t12, %__vbptr0)
    eh_end
    jump ^destructor_suffix_next_4

  block ^destructor_suffix_cleanup_3:
    %t13 = load ptr $this
    %t14 = index i8 %t13, 0
    %t15 = index i8 %__vtt, 8
    call void @A___A__base_entry(%t14, %t15, %__vbptr0)
    eh_end
    resume

  block ^destructor_suffix_next_4:
    %t16 = load ptr $this
    %t17 = index i8 %t16, 0
    %t18 = index i8 %__vtt, 8
    call void @A___A__base_entry(%t17, %t18, %__vbptr0)
    jump ^destructor_end_2

  block ^destructor_cleanup_1:
    %t19 = load ptr $this
    %t20 = index i8 %t19, 8
    %t21 = index i8 %__vtt, 24
    call void @B___B__base_entry(%t20, %t21, %__vbptr0)
    %t22 = load ptr $this
    %t23 = index i8 %t22, 0
    %t24 = index i8 %__vtt, 8
    call void @A___A__base_entry(%t23, %t24, %__vbptr0)
    eh_end
    resume

  block ^destructor_end_2:
    return void
}
function @A__A__base_entry(%this : ptr [object_bytes=16], %__vtt : ptr, %__vbptr0 : ptr) -> void [unwind=no, binding=weak, object=_ZN1AC2Ev, object_root=yes, inline_hint=yes] {
  slot $this : ptr

  block ^entry:
    store ptr %this, $this
    %t1 = load ptr $this
    %t2 = load ptr %__vtt
    store ptr %t2, %t1
    %t3 = index i8 %__vbptr0, 0
    %t4 = index i8 %__vtt, 8
    %t5 = load ptr %t4
    store ptr %t5, %t3
    return void
}
function @B__B__base_entry(%this : ptr [object_bytes=16], %__vtt : ptr, %__vbptr0 : ptr) -> void [unwind=no, binding=weak, object=_ZN1BC2Ev, object_root=yes, inline_hint=yes] {
  slot $this : ptr

  block ^entry:
    store ptr %this, $this
    %t1 = load ptr $this
    %t2 = load ptr %__vtt
    store ptr %t2, %t1
    %t3 = index i8 %__vbptr0, 0
    %t4 = index i8 %__vtt, 8
    %t5 = load ptr %t4
    store ptr %t5, %t3
    return void
}
function @A___A__base_entry(%this : ptr [object_bytes=16], %__vtt : ptr, %__vbptr0 : ptr) -> void [unwind=no, binding=weak, object=_ZN1AD2Ev, object_root=yes, inline_hint=yes] {
  slot $this : ptr

  block ^entry:
    store ptr %this, $this
    %t1 = load ptr $this
    %t2 = load ptr %__vtt
    store ptr %t2, %t1
    %t3 = index i8 %__vbptr0, 0
    %t4 = index i8 %__vtt, 8
    %t5 = load ptr %t4
    store ptr %t5, %t3
    return void
}
function @B___B__base_entry(%this : ptr [object_bytes=16], %__vtt : ptr, %__vbptr0 : ptr) -> void [unwind=no, binding=weak, object=_ZN1BD2Ev, object_root=yes, inline_hint=yes] {
  slot $this : ptr

  block ^entry:
    store ptr %this, $this
    %t1 = load ptr $this
    %t2 = load ptr %__vtt
    store ptr %t2, %t1
    %t3 = index i8 %__vbptr0, 0
    %t4 = index i8 %__vtt, 8
    %t5 = load ptr %t4
    store ptr %t5, %t3
    return void
}
