declare function @observe(%x : i64) -> i64 [unwind=no]
function @sum(%count : i64) -> i64 [binding=strong] {
  block ^entry:
    jump ^loop
  block ^loop:
    %index = phi i64 [^entry: 0, ^body: %next]
    %total = phi i64 [^entry: 0, ^body: %added]
    %more = cmp ult i64 %index, %count
    branch %more, ^body, ^done
  block ^body:
    %value = call i64 @observe(%index)
    %added = binary add i64 %total, %value
    %next = binary add i64 %index, 1
    jump ^loop
  block ^done:
    return i64 %total
}
