global @p [binding=internal, object=_Z1p] = {
  i32 9
}

function @main() -> i32 [role=entry, binding=strong, keep_alias=yes] {
  block ^entry:
    return i32 0
}
function @Point__Point(%this : ptr [object_bytes=4], %v : i32) -> void [binding=weak, object=_ZN5PointC1Ei, inline_hint=yes] {
  slot $this : ptr
  slot $v : i32

  block ^entry:
    store ptr %this, $this
    store i32 %v, $v
    %t1 = load i32 $v
    %t2 = load ptr $this
    %t3 = index i8 [projection=field] %t2, 0
    store i32 %t1, %t3
    return void
}
function @square(%x : i32) -> i32 [binding=weak, object=_Z6squarei, inline_hint=yes] {
  slot $x : i32

  block ^entry:
    store i32 %x, $x
    %t1 = load i32 $x
    %t2 = load i32 $x
    %t3 = binary mul i32 %t1, %t2
    return i32 %t3
}
alias object _ZN5PointC2Ei = @Point__Point
