function @main() -> i32 [role=entry, binding=strong, keep_alias=yes] {
  slot $h : obj<16x8>

  block ^entry:
    %t1 = addr $h
    call void @holder_int___holder_int_(%t1)
    return i32 0
}
function @holder_int___holder_int_(%this : ptr [object_bytes=16]) -> void [binding=weak, object=_ZN6holderIiEC1Ev, inline_hint=yes] {
  slot $this : ptr

  block ^entry:
    store ptr %this, $this
    %t1 = addr @holder_int___good
    %t2 = copy i64 %t1
    %t3 = convert zext i128 i64 %t2
    %t4 = load ptr $this
    %t5 = index i8 [projection=field] %t4, 0
    store i128 %t3, %t5
    return void
}
function @holder_int___bad(%this : ptr [object_bytes=16]) -> i32 [binding=weak, object=_ZNK6holderIiE3badEv, inline_hint=yes] {
  slot $this : ptr

  block ^entry:
    store ptr %this, $this
    %t1 = const i64 1
    %t2 = convert trunc i32 i64 %t1
    return i32 %t2
}
function @holder_int___good(%this : ptr [object_bytes=16]) -> i32 [binding=weak, object=_ZNK6holderIiE4goodEv, inline_hint=yes] {
  slot $this : ptr

  block ^entry:
    store ptr %this, $this
    return i32 0
}
alias object _ZN6holderIiEC2Ev = @holder_int___holder_int_
