global @__constant_array_0 [storage=readonly, binding=internal] = {
  i32 1
  i32 2
  i32 3
}
global @__constant_array_1 [storage=readonly, binding=internal] = {
  i32 4
  i32 5
  i32 6
}

function @select_array(%__param0 : ptr [pass=by_address, object_bytes=12]) -> i32 [binding=strong, object=_Z12select_arrayRA3_Ki] {
  slot $__param0 : ptr

  block ^entry:
    store ptr %__param0, $__param0
    return i32 1
}
function @select_array__ov2(%__param0 : ptr [pass=by_address, object_bytes=12]) -> i32 [binding=strong, object=_Z12select_arrayOA3_Ki] {
  slot $__param0 : ptr

  block ^entry:
    store ptr %__param0, $__param0
    return i32 2
}
function @main() -> i32 [role=entry, binding=strong, keep_alias=yes] {
  slot $values : obj<12x4>
  slot $const_values : obj<12x4>

  block ^entry:
    %t1 = addr $values
    copyobj 12x4 @__constant_array_0, %t1
    %t4 = addr $const_values
    copyobj 12x4 @__constant_array_1, %t4
    %t7 = addr $values
    %t8 = call i32 @select_array(%t7)
    %t9 = cmp ne i32 %t8, 1
    branch %t9, ^if_then_1, ^lor_rhs_4

  block ^lor_rhs_4:
    %t10 = addr $const_values
    %t11 = call i32 @select_array(%t10)
    %t12 = cmp ne i32 %t11, 1
    branch %t12, ^if_then_1, ^if_else_2

  block ^if_then_1:
    return i32 1

  block ^if_else_2:
    jump ^if_end_3

  block ^if_end_3:
    return i32 0
}
