global @__constant_array_0 [storage=readonly, binding=internal] = {
  i8 120
  i8 0
}

function @main() -> i32 [role=entry, binding=strong, keep_alias=yes] {
  slot $text : obj<2x1>
  slot $value : ptr
  slot $view : ptr
  slot $cond__1 : i32

  block ^entry:
    %t1 = addr $text
    copyobj 2x1 @__constant_array_0, %t1
    %t3 = addr $text
    store ptr %t3, $value
    %t4 = addr $value
    store ptr %t4, $view
    %t5 = load ptr $view
    %t6 = load ptr %t5
    %t7 = index i8 [projection=array_element] %t6, 0
    %t8 = load i8 %t7
    %t9 = convert sext i32 i8 %t8
    %t10 = cmp eq i32 %t9, 120
    branch %t10, ^cond_then_1, ^cond_else_2

  block ^cond_then_1:
    store i32 0, $cond__1
    jump ^cond_end_3

  block ^cond_else_2:
    store i32 1, $cond__1
    jump ^cond_end_3

  block ^cond_end_3:
    %t11 = load i32 $cond__1
    return i32 %t11
}
