global @v : i64 [storage=readonly, binding=internal, object=_Z1v] = 42
global @x : ptr [binding=strong, object=_Z1x] = addr @v
global @y : ptr [binding=strong, object=_Z1y] = addr @v
global @arr [binding=strong, object=_Z3arr] = {
  zero 336
}

function @main() -> i32 [role=entry, binding=strong, keep_alias=yes] {
  block ^entry:
    return i32 0
}
