global @__constant_array_0 [storage=readonly, binding=internal] = {
  i32 4
  i32 0
  i32 0
}

function @main() -> i32 [role=entry, binding=strong, keep_alias=yes] {
  slot $values : obj<12x4>

  block ^entry:
    %t1 = addr $values
    copyobj 12x4 @__constant_array_0, %t1
    %t4 = addr $values
    %t5 = index i32 [projection=array_element] %t4, 2
    %t6 = load i32 %t5
    return i32 %t6
}
