global @values [binding=strong, object=_Z6values] = {
  zero 12
}
global @middle : ptr [binding=strong, object=_Z6middle] = addr @values + 4

function @main() -> i32 [role=entry, binding=strong, keep_alias=yes] {
  block ^entry:
    %t1 = load ptr @middle
    %t2 = addr @values
    %t3 = binary sub ptr %t1, %t2
    %t4 = binary shr i64 %t3, 2
    %t5 = binary sub i64 %t4, 1
    %t6 = convert trunc i32 i64 %t5
    return i32 %t6
}
