global @__pa83_array_0 [binding=internal, storage=readonly] = {
  i32 0
  i32 0
}
function @main() -> i32 [role=entry, binding=strong, keep_alias=yes] {
  block ^entry:
    call void @__cppgm_class_template_7_0__go()
    %t1 = const i64 4
    %t2 = convert sext i64 i32 1
    %t3 = cmp ne i64 %t1, %t2
    %t4 = convert trunc i32 i64 %t3
    return i32 %t4
}
function @__cppgm_class_template_7_0__go() -> void [binding=internal, object=_ZN3RunIJN12_GLOBAL__N_11XIN1n1BEvEENS1_INS2_1BENS2_1PEEEEE2goEv, inline_hint=yes] {
  slot $a : obj<8x4>

  block ^entry:
    %t1 = addr $a
    copyobj 8x4 @__pa83_array_0, %t1
    %t5 = addr $a
    return void
}
