global @__cppgm_class_template_identity_1_0_0__value [binding=weak, object=_ZN14table_instanceIiJFvvEEE5valueE] = {
  ptr addr @slot_void_____impl
}

function @main() -> i32 [role=entry, binding=strong, keep_alias=yes] {
  slot $cond__1 : i32

  block ^entry:
    %t1 = addr @__cppgm_class_template_identity_1_0_0__value
    branch %t1, ^cond_then_1, ^cond_else_2

  block ^cond_then_1:
    store i32 0, $cond__1
    jump ^cond_end_3

  block ^cond_else_2:
    store i32 1, $cond__1
    jump ^cond_end_3

  block ^cond_end_3:
    %t2 = load i32 $cond__1
    return i32 %t2
}
function @table__table(%this : ptr [object_bytes=8], %first : ptr) -> void [binding=weak, object=_ZN5tableC1EPFvvE, inline_hint=yes] {
  slot $this : ptr
  slot $first : ptr

  block ^entry:
    store ptr %this, $this
    store ptr %first, $first
    %t1 = load ptr $first
    %t2 = load ptr $this
    %t3 = index i8 [projection=field] %t2, 0
    store ptr %t1, %t3
    return void
}
function @slot_void_____impl() -> void [binding=weak, object=_ZN4slotIFvvEE4implIiEEvv, inline_hint=yes] {
  block ^entry:
    return void
}
alias object _ZN5tableC2EPFvvE = @table__table
