declare global @__cppgm_class_template_identity_0_0_0__block_size : i64 [storage=readonly, binding=weak, object=_ZN4IterIilE10block_sizeE]

function @main() -> i32 [role=entry, binding=strong, keep_alias=yes] {
  slot $it : obj<1x1>
  slot $next : obj<1x1>

  block ^entry:
    %t1 = addr $it
    %t2 = addr $next
    %t3 = addr $it
    %t4 = call obj<1x1> @operator_(1, %t3)
    %t5 = addr $next
    return i32 0
}
function @hidden_friend_current_instantiation__compare() -> u8 [binding=strong, object=_ZN35hidden_friend_current_instantiation7compareEv] {
  slot $begin : obj<1x1>
  slot $end : obj<1x1>

  block ^entry:
    %t1 = addr $begin
    %t2 = addr $end
    %t3 = addr $begin
    %t4 = addr $end
    %t5 = call u8 @hidden_friend_current_instantiation__operator__(%t3, %t4)
    return u8 %t5
}
function @operator_(%__param0 : i64, %__param1 : ptr [pass=by_address, object_bytes=1]) -> obj<1x1> [binding=weak, object=_ZpllRK4IterIilE, inline_hint=yes] {
  slot $__param0 : i64
  slot $__param1 : ptr
  slot $retobj__1 : obj<1x1>

  block ^entry:
    store i64 %__param0, $__param0
    store ptr %__param1, $__param1
    %t1 = addr $retobj__1
    zeroinit 1x1 %t1
    return obj<1x1> $retobj__1
}
function @hidden_friend_current_instantiation__operator__(%left : ptr [pass=by_address, object_bytes=1], %right : ptr [pass=by_address, object_bytes=1]) -> u8 [binding=weak, object=_ZN35hidden_friend_current_instantiationneERKNS_4iterIiEES3_, inline_hint=yes] {
  slot $left : ptr
  slot $right : ptr

  block ^entry:
    store ptr %left, $left
    store ptr %right, $right
    %t1 = load ptr $left
    %t2 = load ptr $right
    %t3 = call u8 @hidden_friend_current_instantiation__operator____sym2(%t1, %t2)
    %t4 = cmp eq u8 %t3, 0
    %t5 = convert trunc u8 i64 %t4
    return u8 %t5
}
function @hidden_friend_current_instantiation__operator____sym2(%__param0 : ptr [pass=by_address, object_bytes=1], %__param1 : ptr [pass=by_address, object_bytes=1]) -> u8 [binding=weak, object=_ZN35hidden_friend_current_instantiationeqERKNS_4iterIiEES3_, inline_hint=yes] {
  slot $__param0 : ptr
  slot $__param1 : ptr

  block ^entry:
    store ptr %__param0, $__param0
    store ptr %__param1, $__param1
    return u8 1
}
