global @value [binding=strong, object=_Z5value] = {
  zero 1
}
global @first : ptr [binding=strong, object=_Z5first] = addr @value
global @second : ptr [binding=strong, object=_Z6second] = addr @value

function @main() -> i32 [role=entry, binding=strong, keep_alias=yes] {
  block ^entry:
    return i32 0
}
function @__cppgm_init() -> void [role=init, binding=internal] {
  block ^entry:
    return void
}
