global @__constant_array_0 [storage=readonly, binding=internal] = {
  i8 0
  i8 0
  i8 0
  i8 0
}

function @Text__take(%this : ptr [object_bytes=1], %out : ptr, %n : i64, %pos : i64) -> i32 [binding=strong, object=_ZN4Text4takeEPcmm] {
  slot $this : ptr
  slot $out : ptr
  slot $n : i64
  slot $pos : i64

  block ^entry:
    store ptr %this, $this
    store ptr %out, $out
    store i64 %n, $n
    store i64 %pos, $pos
    %t1 = load ptr $out
    %t2 = index i8 [projection=array_element] %t1, 0
    store i8 120, %t2
    %t3 = load i64 $n
    %t4 = load i64 $pos
    %t5 = binary add i64 %t3, %t4
    %t6 = convert trunc i32 i64 %t5
    return i32 %t6
}
function @main() -> i32 [role=entry, binding=strong, keep_alias=yes] {
  slot $text : obj<1x1>
  slot $out : obj<4x1>
  slot $cond__1 : i32

  block ^entry:
    %t1 = addr $text
    %t2 = addr $out
    copyobj 4x1 @__constant_array_0, %t2
    %t6 = addr $text
    %t7 = addr $out
    %t8 = convert sext i64 i32 3
    %t9 = convert sext i64 i32 0
    %t10 = call i32 @Text__take(%t6, %t7, %t8, %t9)
    %t11 = cmp eq i32 %t10, 3
    branch %t11, ^cond_then_1, ^cond_else_2

  block ^cond_then_1:
    store i32 0, $cond__1
    jump ^cond_end_3

  block ^cond_else_2:
    store i32 1, $cond__1
    jump ^cond_end_3

  block ^cond_end_3:
    %t12 = load i32 $cond__1
    return i32 %t12
}
