global @__pa83_array_0 [binding=internal, storage=readonly] = {
  i32 0
  i32 1
  i32 2
}
function @main() -> i32 [role=entry, binding=strong, keep_alias=yes] {
  slot $a : obj<12x4>
  slot $cond__1 : i32

  block ^entry:
    %t1 = addr $a
    copyobj 12x4 @__pa83_array_0, %t1
    %t4 = addr $a
    %t5 = call i32 @array_size(%t4)
    %t6 = cmp eq i32 %t5, 3
    branch %t6, ^cond_then_1, ^cond_else_2

  block ^cond_then_1:
    store i32 0, $cond__1
    jump ^cond_end_3

  block ^cond_else_2:
    store i32 1, $cond__1
    jump ^cond_end_3

  block ^cond_end_3:
    %t7 = load i32 $cond__1
    return i32 %t7
}
function @array_size(%__param0 : ptr [pass=by_address, object_bytes=12]) -> i32 [binding=weak, object=_Z10array_sizeIiLi3EEiRAT0__T_] {
  slot $__param0 : ptr

  block ^entry:
    store ptr %__param0, $__param0
    return i32 3
}
