global @__pa83_array_0 [binding=internal, storage=readonly] = {
  i8 97
  i8 98
  i8 99
  i8 0
}
function @main() -> i32 [role=entry, binding=strong, keep_alias=yes] {
  slot $text : obj<4x1>

  block ^entry:
    %t1 = addr $text
    copyobj 4x1 @__pa83_array_0, %t1
    %t5 = addr $text
    %t6 = call ptr @next(%t5, 2)
    %t7 = load i8 %t6
    %t8 = convert sext i32 i8 %t7
    %t9 = binary sub i32 %t8, 99
    return i32 %t9
}
function @next(%value : ptr, %count : i64) -> ptr [binding=weak, object=_Z4nextIPKcET_S2_N15iterator_traitsIS2_E15difference_typeE] {
  slot $value : ptr
  slot $count : i64

  block ^entry:
    store ptr %value, $value
    store i64 %count, $count
    %t1 = load ptr $value
    %t2 = load i64 $count
    %t3 = index i8 %t1, %t2
    return ptr %t3
}
