global @selected : ptr [binding=internal, object=_Z8selected] = addr @__cppgm_class_template_identity_0_3_0__value
global @__cppgm_class_template_identity_0_3_0__value [binding=weak, object=_ZN14static_storageI7wrapperI12callable_tagEE5valueE] = {
  i32 11
}

function @main() -> i32 [role=entry, binding=strong, keep_alias=yes] {
  slot $cond__1 : i32

  block ^entry:
    %t1 = addr @__cppgm_class_template_identity_0_3_0__value
    %t2 = index i8 [projection=field] %t1, 0
    %t3 = load i32 %t2
    %t4 = cmp eq i32 %t3, 11
    branch %t4, ^cond_then_1, ^cond_else_2

  block ^cond_then_1:
    store i32 0, $cond__1
    jump ^cond_end_3

  block ^cond_else_2:
    store i32 1, $cond__1
    jump ^cond_end_3

  block ^cond_end_3:
    %t5 = load i32 $cond__1
    return i32 %t5
}
function @deduce_unique_unique_tag___deduce_unique_unique_tag_(%this : ptr [object_bytes=1]) -> void [binding=weak, object=_ZN13deduce_uniqueI10unique_tagEC1Ev, inline_hint=yes] {
  slot $this : ptr

  block ^entry:
    store ptr %this, $this
    return void
}
function @factor_unique_tag___factor_unique_tag_(%this : ptr [object_bytes=1]) -> void [binding=weak, object=_ZN6factorI10unique_tagEC1Ev, inline_hint=yes] {
  slot $this : ptr

  block ^entry:
    store ptr %this, $this
    return void
}
function @factor_unique_tag___operator___ov3(%this : ptr [object_bytes=1], %__param1 : ptr [pass=by_address, object_bytes=1]) -> ptr [binding=weak, object=_ZNK6factorI10unique_tagEaSI12callable_tagEERK7wrapperIT_ERKS5_, inline_hint=yes] {
  slot $this : ptr
  slot $__param1 : ptr

  block ^entry:
    store ptr %this, $this
    store ptr %__param1, $__param1
    %t1 = call ptr @static_const_var()
    return ptr %t1
}
function @deduce_unique_unique_tag___operatorconstF_(%this : ptr [object_bytes=1]) -> ptr [binding=weak, object=_ZNK13deduce_uniqueI10unique_tagEcvRK7wrapperI12callable_tagEIS4_EEv, inline_hint=yes] {
  slot $this : ptr

  block ^entry:
    store ptr %this, $this
    %t1 = call ptr @static_const_var()
    return ptr %t1
}
function @static_const_var() -> ptr [binding=weak, object=_Z16static_const_varI7wrapperI12callable_tagEERKT_v, inline_hint=yes] {
  block ^entry:
    %t1 = addr @__cppgm_class_template_identity_0_3_0__value
    return ptr %t1
}
function @wrapper_callable_tag___wrapper_callable_tag_(%this : ptr [object_bytes=4]) -> void [binding=weak, object=_ZN7wrapperI12callable_tagEC1Ev, inline_hint=yes] {
  slot $this : ptr

  block ^entry:
    store ptr %this, $this
    %t1 = load ptr $this
    %t2 = index i8 [projection=field] %t1, 0
    store i32 11, %t2
    return void
}
alias object _ZN13deduce_uniqueI10unique_tagEC2Ev = @deduce_unique_unique_tag___deduce_unique_unique_tag_
alias object _ZN6factorI10unique_tagEC2Ev = @factor_unique_tag___factor_unique_tag_
alias object _ZN7wrapperI12callable_tagEC2Ev = @wrapper_callable_tag___wrapper_callable_tag_
