declare function @__external_runtime____cxa_begin_catch(%arg0 : ptr) -> ptr [role=eh_begin_catch, linkage=c, binding=strong, object=__cxa_begin_catch]
declare function @std_terminate() -> void [unwind=no, return=noreturn, role=terminate, binding=strong, object=_ZSt9terminatev]

global @__integers_image [binding=internal, storage=readonly] = {
  i32 0
  i32 0
}
global @__longs_image [binding=internal, storage=readonly] = {
  i64 0
  i64 0
}

function @cppgm_call_terminate(%exception_object : ptr) -> void [unwind=no, return=noreturn, binding=internal, no_inline=yes] {
  block ^entry:
    %t1 = call ptr @__external_runtime____cxa_begin_catch(%exception_object)
    call void @std_terminate()
    return void
}
function @main() -> i32 [role=entry, binding=strong, keep_alias=yes] {
  slot $integers : obj<8x4>
  slot $longs : obj<16x8>

  block ^entry:
    %t1 = addr $integers
    copyobj 8x4 @__integers_image, %t1
    %t3 = addr $longs
    copyobj 16x8 @__longs_image, %t3
    %t5 = addr $integers
    %t6 = addr $integers
    %t7 = binary mul i64 2, 4
    %t8 = index i8 %t6, %t7
    call void @visit(%t5, %t8)
    %t9 = addr $longs
    %t10 = addr $longs
    %t11 = binary mul i64 2, 8
    %t12 = index i8 %t10, %t11
    call void @visit__ov2(%t9, %t12)
    return i32 0
}
function @visit(%first : ptr, %last : ptr) -> void [binding=weak, object=_Z5visitIiEvPT_S1_] {
  slot $first : ptr
  slot $last : ptr
  slot $value : obj<16x8>

  block ^entry:
    store ptr %first, $first
    store ptr %last, $last
    %t1 = addr $value
    %t2 = load ptr $first
    %t3 = addr $value
    %t4 = index i8 [projection=field] %t3, 0
    store ptr %t2, %t4
    %t5 = load ptr $last
    %t6 = addr $value
    %t7 = index i8 [projection=field] %t6, 8
    store ptr %t5, %t7
    %t8 = addr $value
    call void @cleanup___cleanup(%t8)
    return void
}
function @visit__ov2(%first : ptr, %last : ptr) -> void [binding=weak, object=_Z5visitIlEvPT_S1_] {
  slot $first : ptr
  slot $last : ptr
  slot $value : obj<16x8>

  block ^entry:
    store ptr %first, $first
    store ptr %last, $last
    %t1 = addr $value
    %t2 = load ptr $first
    %t3 = addr $value
    %t4 = index i8 [projection=field] %t3, 0
    store ptr %t2, %t4
    %t5 = load ptr $last
    %t6 = addr $value
    %t7 = index i8 [projection=field] %t6, 8
    store ptr %t5, %t7
    %t8 = addr $value
    call void @cleanup___cleanup__sym2(%t8)
    return void
}
function @cleanup___cleanup(%this : ptr [object_bytes=16]) -> void [unwind=no, binding=internal, object=_ZZ5visitIiEvPT_S1_EN7cleanupD1Ev, object_root=yes, inline_hint=yes] {
  slot $this : ptr
  slot $function_exception__1 : ptr

  block ^entry:
    eh_try ^function_exception_landing_1
    store ptr %this, $this
    jump ^while_cond_3

  block ^while_cond_3:
    %t1 = load ptr $this
    %t2 = index i8 [projection=field] %t1, 0
    %t3 = load ptr %t2
    %t4 = load ptr $this
    %t5 = index i8 [projection=field] %t4, 8
    %t6 = load ptr %t5
    %t7 = cmp ne ptr %t3, %t6
    branch %t7, ^while_body_4, ^while_end_5

  block ^while_body_4:
    %t8 = load ptr $this
    %t9 = index i8 [projection=field] %t8, 0
    %t10 = load ptr %t9
    call void @observe(%t10)
    %t11 = load ptr $this
    %t12 = index i8 [projection=field] %t11, 0
    %t13 = load ptr %t12
    %t14 = binary mul i64 1, 4
    %t15 = index i8 %t13, %t14
    store ptr %t15, %t12
    jump ^while_cond_3

  block ^while_end_5:
    eh_end
    return void

  block ^function_exception_landing_1:
    eh_catch_all, 1
    %t16 = exception ptr
    store ptr %t16, $function_exception__1
    jump ^function_exception_action_2

  block ^function_exception_action_2:
    %t17 = load ptr $function_exception__1
    call void @cppgm_call_terminate(%t17)
    return void
}
function @cleanup___cleanup__sym2(%this : ptr [object_bytes=16]) -> void [unwind=no, binding=internal, object=_ZZ5visitIlEvPT_S1_EN7cleanupD1Ev, object_root=yes, inline_hint=yes] {
  slot $this : ptr
  slot $function_exception__1 : ptr

  block ^entry:
    eh_try ^function_exception_landing_1
    store ptr %this, $this
    jump ^while_cond_3

  block ^while_cond_3:
    %t1 = load ptr $this
    %t2 = index i8 [projection=field] %t1, 0
    %t3 = load ptr %t2
    %t4 = load ptr $this
    %t5 = index i8 [projection=field] %t4, 8
    %t6 = load ptr %t5
    %t7 = cmp ne ptr %t3, %t6
    branch %t7, ^while_body_4, ^while_end_5

  block ^while_body_4:
    %t8 = load ptr $this
    %t9 = index i8 [projection=field] %t8, 0
    %t10 = load ptr %t9
    call void @observe__ov2(%t10)
    %t11 = load ptr $this
    %t12 = index i8 [projection=field] %t11, 0
    %t13 = load ptr %t12
    %t14 = binary mul i64 1, 8
    %t15 = index i8 %t13, %t14
    store ptr %t15, %t12
    jump ^while_cond_3

  block ^while_end_5:
    eh_end
    return void

  block ^function_exception_landing_1:
    eh_catch_all, 1
    %t16 = exception ptr
    store ptr %t16, $function_exception__1
    jump ^function_exception_action_2

  block ^function_exception_action_2:
    %t17 = load ptr $function_exception__1
    call void @cppgm_call_terminate(%t17)
    return void
}
function @observe(%__param0 : ptr) -> void [binding=weak, object=_Z7observeIiEvPT_] {
  slot $__param0 : ptr

  block ^entry:
    store ptr %__param0, $__param0
    return void
}
function @observe__ov2(%__param0 : ptr) -> void [binding=weak, object=_Z7observeIlEvPT_] {
  slot $__param0 : ptr

  block ^entry:
    store ptr %__param0, $__param0
    return void
}
alias object _ZZ5visitIiEvPT_S1_EN7cleanupD2Ev = @cleanup___cleanup
alias object _ZZ5visitIlEvPT_S1_EN7cleanupD2Ev = @cleanup___cleanup__sym2
