declare function @S__S(%arg0 : ptr [object_bytes=1]) -> void [binding=strong, object=_ZN1SC1Ev]
declare function @S___S(%arg0 : ptr [object_bytes=1]) -> void [unwind=no, binding=strong, object=_ZN1SD1Ev]
declare function @S__S__ov2(%arg0 : ptr [alias=noalias, object_bytes=1], %arg1 : ptr [pass=by_address, alias=noalias, object_bytes=1]) -> void [binding=strong, object=_ZN1SC1ERKS_]

function @main() -> i32 [role=entry, binding=strong, keep_alias=yes] {
  slot $x : obj<1x1>
  slot $y : obj<1x1>
  slot $z : obj<1x1>
  slot $e : obj<3x1>
  slot $constructed_a : ptr
  slot $constructed_b : ptr

  block ^entry:
    %t1 = addr $x
    call void @S__S(%t1)
    %t2 = addr $y
    eh_try ^cleanup_action_2
    call void @S__S(%t2)
    eh_end
    jump ^call_unwind_end_3

  block ^cleanup_resume_1:
    resume

  block ^cleanup_action_2:
    %t3 = addr $x
    call void @S___S(%t3)
    jump ^cleanup_resume_1

  block ^call_unwind_end_3:
    %t4 = addr $z
    eh_try ^cleanup_action_4
    call void @S__S(%t4)
    eh_end
    jump ^call_unwind_end_5

  block ^cleanup_action_4:
    %t5 = addr $y
    call void @S___S(%t5)
    jump ^cleanup_action_2

  block ^call_unwind_end_5:
    %t6 = addr $e
    %t7 = addr $e
    %t8 = index i8 [projection=field] %t7, 0
    %t9 = addr $x
    eh_try ^cleanup_action_6
    call void @S__S__ov2(%t8, %t9)
    eh_end
    jump ^call_unwind_end_7

  block ^cleanup_action_6:
    %t10 = addr $z
    call void @S___S(%t10)
    jump ^cleanup_action_4

  block ^call_unwind_end_7:
    store ptr %t8, $constructed_a
    %t11 = addr $e
    %t12 = index i8 [projection=field] %t11, 1
    %t13 = addr $y
    eh_try ^constructed_a_cleanup
    call void @S__S__ov2(%t12, %t13)
    eh_end
    jump ^constructed_b_ready

  block ^constructed_a_cleanup:
    %partial_a = load ptr $constructed_a
    call void @S___S(%partial_a)
    jump ^cleanup_action_6

  block ^constructed_b_ready:
    store ptr %t12, $constructed_b
    %t14 = addr $e
    %t15 = index i8 [projection=field] %t14, 2
    %t16 = addr $z
    eh_try ^constructed_b_cleanup
    call void @S__S__ov2(%t15, %t16)
    eh_end
    jump ^constructed_c_ready

  block ^constructed_b_cleanup:
    %partial_b = load ptr $constructed_b
    call void @S___S(%partial_b)
    jump ^constructed_a_cleanup

  block ^constructed_c_ready:
    %t17 = addr $e
    %t18 = addr $e
    call void @E___E(%t18)
    %t19 = addr $z
    call void @S___S(%t19)
    %t20 = addr $y
    call void @S___S(%t20)
    %t21 = addr $x
    call void @S___S(%t21)
    return i32 0
}
function @E___E(%this : ptr [object_bytes=3]) -> void [unwind=no, binding=weak, object=_ZN1ED1Ev, inline_hint=yes] {
  slot $this : ptr

  block ^entry:
    store ptr %this, $this
    eh_cleanup ^destructor_cleanup_1
    eh_end
    eh_cleanup ^destructor_suffix_cleanup_3
    %t1 = load ptr $this
    %t2 = index i8 [projection=field] %t1, 2
    call void @S___S(%t2)
    eh_end
    jump ^destructor_suffix_next_4

  block ^destructor_suffix_cleanup_3:
    %t3 = load ptr $this
    %t4 = index i8 [projection=field] %t3, 1
    call void @S___S(%t4)
    %t5 = load ptr $this
    %t6 = index i8 [projection=field] %t5, 0
    call void @S___S(%t6)
    eh_end
    resume

  block ^destructor_suffix_next_4:
    eh_cleanup ^destructor_suffix_cleanup_5
    %t7 = load ptr $this
    %t8 = index i8 [projection=field] %t7, 1
    call void @S___S(%t8)
    eh_end
    jump ^destructor_suffix_next_6

  block ^destructor_suffix_cleanup_5:
    %t9 = load ptr $this
    %t10 = index i8 [projection=field] %t9, 0
    call void @S___S(%t10)
    eh_end
    resume

  block ^destructor_suffix_next_6:
    %t11 = load ptr $this
    %t12 = index i8 [projection=field] %t11, 0
    call void @S___S(%t12)
    jump ^destructor_end_2

  block ^destructor_cleanup_1:
    %t13 = load ptr $this
    %t14 = index i8 [projection=field] %t13, 2
    call void @S___S(%t14)
    %t15 = load ptr $this
    %t16 = index i8 [projection=field] %t15, 1
    call void @S___S(%t16)
    %t17 = load ptr $this
    %t18 = index i8 [projection=field] %t17, 0
    call void @S___S(%t18)
    eh_end
    resume

  block ^destructor_end_2:
    return void
}
alias object _ZN1ED2Ev = @E___E
