declare global @__external_rtti_vtable____fundamental_type_info [role=rtti_data, binding=strong, object=_ZTVN10__cxxabiv123__fundamental_type_infoE]
declare global @__external_rtti__int [role=rtti_data, binding=strong, object=_ZTIi]

declare function @__external_runtime____cxa_allocate_exception(%arg0 : i64) -> ptr [role=eh_allocate_exception, linkage=c, binding=strong, object=__cxa_allocate_exception]
declare function @__external_runtime____cxa_begin_catch(%arg0 : ptr) -> ptr [role=eh_begin_catch, linkage=c, binding=strong, object=__cxa_begin_catch]
declare function @__external_runtime____cxa_end_catch() -> void [role=eh_end_catch, linkage=c, binding=strong, object=__cxa_end_catch]
declare function @__external_runtime____cxa_throw(%arg0 : ptr, %arg1 : ptr, %arg2 : ptr) -> void [return=noreturn, role=eh_throw, linkage=c, binding=strong, object=__cxa_throw]

global @__typeinfo_name__int [binding=weak, object=_ZTSi] = {
  i8 105
  i8 0
}
global @__rtti_int [binding=weak, object=_ZTIi] = {
  ptr addr @__external_rtti_vtable____fundamental_type_info + 16
  ptr addr @__typeinfo_name__int
}
global @__ehobj_int [binding=internal, object=@__ehobj_int] = {
  zero 4
}
global @depth : i32 [binding=strong, object=_Z5depth] = zero

function @raise(%value : i32) -> void [binding=strong, object=_Z5raisei] {
  slot $value : i32

  block ^entry:
    store i32 %value, $value
    %t1 = call ptr @__external_runtime____cxa_allocate_exception(4)
    %t2 = load i32 $value
    store i32 %t2, %t1
    %t3 = addr @__external_rtti__int
    call void @__external_runtime____cxa_throw(%t1, %t3, 0)
    return void
}
function @exercise() -> void [binding=strong, object=_Z8exercisev] {
  slot $guard : obj<1x1>

  block ^entry:
    %t1 = addr $guard
    call void @Guard__Guard(%t1)
    eh_try ^catch_dispatch_1
    call void @raise(1)
    eh_end
    jump ^try_end_3

  block ^catch_dispatch_1:
    eh_catch @__external_rtti__int, 1
    jump ^catch_entry_2

  block ^catch_entry_2:
    %t2 = exception ptr
    %t3 = exception_selector i32
    %t4 = cmp eq i32 %t3, 1
    branch %t4, ^catch_body_4, ^catch_next_5

  block ^catch_body_4:
    %t5 = call ptr @__external_runtime____cxa_begin_catch(%t2)
    eh_cleanup ^catch_cleanup_6
    %t6 = load i32 @depth
    %t7 = cmp eq i32 %t6, 1
    branch %t7, ^if_then_7, ^if_else_8

  block ^if_then_7:
    eh_try ^call_unwind_dispatch_13
    call void @raise(2)
    eh_end
    jump ^call_unwind_end_14

  block ^cleanup_resume_10:
    resume

  block ^cleanup_action_11:
    %t8 = addr $guard
    call void @Guard___Guard(%t8)
    jump ^cleanup_resume_10

  block ^cleanup_action_12:
    eh_end
    call void @__external_runtime____cxa_end_catch()
    eh_end
    jump ^cleanup_action_11

  block ^call_unwind_dispatch_13:
    jump ^cleanup_action_12

  block ^call_unwind_end_14:
    jump ^if_end_9

  block ^if_else_8:
    jump ^if_end_9

  block ^if_end_9:
    eh_end
    call void @__external_runtime____cxa_end_catch()
    jump ^try_end_3

  block ^catch_cleanup_6:
    call void @__external_runtime____cxa_end_catch()
    eh_end
    resume

  block ^catch_next_5:
    %t9 = addr $guard
    call void @Guard___Guard(%t9)
    resume

  block ^try_end_3:
    %t10 = addr $guard
    call void @Guard___Guard(%t10)
    return void
}
function @main() -> i32 [role=entry, binding=strong, keep_alias=yes] {
  slot $catch__1 : ptr
  slot $value : i32
  slot $lor__2 : i64

  block ^entry:
    eh_try ^catch_dispatch_1
    call void @exercise()
    eh_end
    jump ^try_end_3

  block ^catch_dispatch_1:
    eh_catch @__external_rtti__int, 1
    jump ^catch_entry_2

  block ^catch_entry_2:
    %t1 = exception ptr
    %t2 = exception_selector i32
    %t3 = cmp eq i32 %t2, 1
    branch %t3, ^catch_body_4, ^catch_next_5

  block ^catch_body_4:
    %t4 = call ptr @__external_runtime____cxa_begin_catch(%t1)
    store ptr %t4, $catch__1
    eh_cleanup ^catch_cleanup_6
    %t5 = load i32 %t4
    store i32 %t5, $value
    %t6 = load i32 $value
    %t7 = cmp ne i32 %t6, 2
    branch %t7, ^lor_short_8, ^lor_rhs_7

  block ^lor_rhs_7:
    %t8 = load i32 @depth
    %t9 = cmp ne i32 %t8, 0
    %t10 = cmp ne i64 %t9, 0
    store i64 %t10, $lor__2
    jump ^lor_end_9

  block ^lor_short_8:
    store i64 1, $lor__2
    jump ^lor_end_9

  block ^lor_end_9:
    %t11 = load i64 $lor__2
    %t12 = convert trunc i32 i64 %t11
    eh_end
    call void @__external_runtime____cxa_end_catch()
    return i32 %t12

  block ^catch_cleanup_6:
    call void @__external_runtime____cxa_end_catch()
    eh_end
    resume

  block ^catch_next_5:
    resume

  block ^try_end_3:
    return i32 1
}
function @Guard__Guard(%this : ptr [object_bytes=1]) -> void [binding=weak, object=_ZN5GuardC1Ev, inline_hint=yes] {
  slot $this : ptr

  block ^entry:
    store ptr %this, $this
    %t1 = load i32 @depth
    %t2 = binary add i32 %t1, 1
    store i32 %t2, @depth
    return void
}
function @Guard___Guard(%this : ptr [object_bytes=1]) -> void [unwind=no, binding=weak, object=_ZN5GuardD1Ev, inline_hint=yes] {
  slot $this : ptr

  block ^entry:
    store ptr %this, $this
    %t1 = load i32 @depth
    %t2 = binary sub i32 %t1, 1
    store i32 %t2, @depth
    return void
}
alias object _ZN5GuardC2Ev = @Guard__Guard
alias object _ZN5GuardD2Ev = @Guard___Guard
