global @_GLOBAL__N_1__color_map : ptr [binding=internal, object=_ZN12_GLOBAL__N_19color_mapE] = addr @n____cppgm_class_template_identity_0_0_0__instance
global @n____cppgm_class_template_identity_0_0_0__instance [binding=weak, object=_ZN1n7keywordIN3tag9color_mapEE8instanceE] = {
  zero 1
}

function @main() -> i32 [role=entry, binding=strong, keep_alias=yes] {
  slot $cond__1 : i32

  block ^entry:
    %t1 = load ptr @_GLOBAL__N_1__color_map
    %t2 = addr @n____cppgm_class_template_identity_0_0_0__instance
    %t3 = cmp eq ptr %t1, %t2
    branch %t3, ^cond_then_1, ^cond_else_2

  block ^cond_then_1:
    store i32 0, $cond__1
    jump ^cond_end_3

  block ^cond_else_2:
    store i32 1, $cond__1
    jump ^cond_end_3

  block ^cond_end_3:
    %t4 = load i32 $cond__1
    return i32 %t4
}
function @n__keyword_tag__color_map___keyword_tag__color_map_(%this : ptr [object_bytes=1]) -> void [binding=weak, object=_ZN1n7keywordIN3tag9color_mapEEC1Ev, inline_hint=yes] {
  slot $this : ptr

  block ^entry:
    store ptr %this, $this
    return void
}
function @__cppgm_init() -> void [role=init, binding=internal] {
  block ^entry:
    %t2 = addr @n____cppgm_class_template_identity_0_0_0__instance
    call void @n__keyword_tag__color_map___keyword_tag__color_map_(%t2)
    return void
}
alias object _ZN1n7keywordIN3tag9color_mapEEC2Ev = @n__keyword_tag__color_map___keyword_tag__color_map_
