global @__pa92_array_0 [binding=internal, storage=readonly] = {
  u16 0
}
function @lib__traits_char16_t___compare(%lhs : ptr, %rhs : ptr, %n : i64) -> i32 [binding=weak, object=_ZN3lib6traitsIDsE7compareEPKDsS3_m, inline_hint=yes] {
  slot $lhs : ptr
  slot $rhs : ptr
  slot $n : i64

  block ^entry:
    store ptr %lhs, $lhs
    store ptr %rhs, $rhs
    store i64 %n, $n
    jump ^for_cond_1

  block ^for_cond_1:
    %t1 = load i64 $n
    branch %t1, ^for_body_2, ^for_end_4

  block ^for_body_2:
    %t2 = load ptr $lhs
    %t3 = load u16 %t2
    %t4 = load ptr $rhs
    %t5 = load u16 %t4
    %t6 = call u8 @lib__traits_base_char16_t__unsigned_short_int__65535___lt(%t3, %t5)
    branch %t6, ^if_then_5, ^if_else_6

  block ^if_then_5:
    %t7 = unary neg i32 1
    return i32 %t7

  block ^if_else_6:
    jump ^if_end_7

  block ^if_end_7:
    %t8 = load ptr $rhs
    %t9 = load u16 %t8
    %t10 = load ptr $lhs
    %t11 = load u16 %t10
    %t12 = call u8 @lib__traits_base_char16_t__unsigned_short_int__65535___lt(%t9, %t11)
    branch %t12, ^if_then_8, ^if_else_9

  block ^if_then_8:
    return i32 1

  block ^if_else_9:
    jump ^if_end_10

  block ^if_end_10:
    jump ^for_iter_3

  block ^for_iter_3:
    %t13 = load i64 $n
    %t14 = binary sub i64 %t13, 1
    store i64 %t14, $n
    %t15 = load ptr $lhs
    %t16 = binary mul i64 1, 2
    %t17 = index i8 %t15, %t16
    store ptr %t17, $lhs
    %t18 = load ptr $rhs
    %t19 = binary mul i64 1, 2
    %t20 = index i8 %t18, %t19
    store ptr %t20, $rhs
    jump ^for_cond_1

  block ^for_end_4:
    return i32 0
}
function @main() -> i32 [role=entry, binding=strong, keep_alias=yes] {
  slot $lhs : obj<2x2>
  slot $rhs : obj<2x2>

  block ^entry:
    %t1 = addr $lhs
    copyobj 2x2 @__pa92_array_0, %t1
    %t2 = addr $rhs
    copyobj 2x2 @__pa92_array_0, %t2
    %t3 = addr $lhs
    %t4 = addr $rhs
    %t5 = convert sext i64 i32 1
    %t6 = call i32 @lib__traits_char16_t___compare(%t3, %t4, %t5)
    return i32 %t6
}
function @lib__traits_base_char16_t__unsigned_short_int__65535___lt(%lhs : u16, %rhs : u16) -> u8 [binding=weak, object=_ZN3lib11traits_baseIDstLt65535EE2ltEDsDs, inline_hint=yes] {
  slot $lhs : u16
  slot $rhs : u16

  block ^entry:
    store u16 %lhs, $lhs
    store u16 %rhs, $rhs
    %t1 = load u16 $lhs
    %t2 = load u16 $rhs
    %t3 = convert zext i32 u16 %t1
    %t4 = convert zext i32 u16 %t2
    %t5 = cmp lt i32 %t3, %t4
    %t6 = convert trunc u8 i64 %t5
    return u8 %t6
}
