global @__pa92_array_0 [binding=internal, storage=readonly] = {
  i8 97
  i8 98
  i8 99
  i8 0
}
function @main() -> i32 [role=entry, binding=strong, keep_alias=yes] {
  slot $text : obj<4x1>
  slot $cond__1 : i32

  block ^entry:
    %t1 = addr $text
    copyobj 4x1 @__pa92_array_0, %t1
    %t5 = addr $text
    %t6 = call i64 @boost__size(%t5)
    %t7 = convert sext i64 i32 4
    %t8 = cmp eq i64 %t6, %t7
    branch %t8, ^cond_then_1, ^cond_else_2

  block ^cond_then_1:
    store i32 0, $cond__1
    jump ^cond_end_3

  block ^cond_else_2:
    store i32 1, $cond__1
    jump ^cond_end_3

  block ^cond_end_3:
    %t9 = load i32 $cond__1
    return i32 %t9
}
function @boost__size(%__param0 : ptr [pass=by_address, object_bytes=4]) -> i64 [binding=weak, object=_ZN5boost4sizeIA4_cEEmRKT_] {
  slot $__param0 : ptr

  block ^entry:
    store ptr %__param0, $__param0
    %t1 = convert sext i64 i32 4
    return i64 %t1
}
