global @__cppgm_class_template_identity_1_2_0__static_query_v_ex____cppgm_class_template_identity_1_2_0_ [binding=weak, object=_ZN4propILi0EE14static_query_vI2exS_ILi0EEEE] = {
  zero 1
}

function @main() -> i32 [role=entry, binding=strong, keep_alias=yes] {
  slot $p : obj<1x1>

  block ^entry:
    %t1 = addr $p
    %t2 = call obj<1x1> @static_query_trait_ex____cppgm_class_template_identity_1_2_0__void___value()
    %t3 = addr $p
    return i32 0
}
function @static_query_trait_ex____cppgm_class_template_identity_1_2_0__void___value() -> obj<1x1> [binding=weak, object=_ZN18static_query_traitI2ex4propILi0EEvE5valueEv, inline_hint=yes] {
  slot $retobj__1 : obj<1x1>

  block ^entry:
    %t1 = addr $retobj__1
    %t2 = addr @__cppgm_class_template_identity_1_2_0__static_query_v_ex____cppgm_class_template_identity_1_2_0_
    return obj<1x1> $retobj__1
}
function @prop_0___static_query() -> obj<1x1> [binding=weak, object=_ZN4propILi0EE12static_queryI2exEES0_v, inline_hint=yes] {
  slot $retobj__1 : obj<1x1>

  block ^entry:
    %t1 = addr $retobj__1
    return obj<1x1> $retobj__1
}
