declare global @__cppgm_class_template_identity_5_1_0__npos : i32 [storage=readonly, binding=weak, object=_ZN7wrapperI19basic_stream_socketI3tcp8executorEE4nposE]
declare function @declval__ov2() -> ptr [binding=weak, object=_Z7declvalIiEOT_v]


function @handler(%__param0 : i32) -> void [binding=strong, object=_Z7handleri] {
  slot $__param0 : i32

  block ^entry:
    store i32 %__param0, $__param0
    return void
}
function @main() -> i32 [role=entry, binding=strong, keep_alias=yes] {
  slot $w : obj<1x1>
  slot $cond__1 : i32
  slot $refarg__2 : i32
  slot $refarg__3 : ptr

  block ^entry:
    %t1 = addr $w
    %t2 = addr $w
    store i32 1, $refarg__2
    %t3 = addr $refarg__2
    %t4 = addr @handler
    store ptr %t4, $refarg__3
    %t5 = addr $refarg__3
    %t6 = call i32 @wrapper___cppgm_class_template_identity_4_0_0___async_write_some(%t2, %t3, %t5)
    %t7 = cmp eq i32 %t6, 9
    branch %t7, ^cond_then_1, ^cond_else_2

  block ^cond_then_1:
    store i32 0, $cond__1
    jump ^cond_end_3

  block ^cond_else_2:
    store i32 1, $cond__1
    jump ^cond_end_3

  block ^cond_end_3:
    %t8 = load i32 $cond__1
    return i32 %t8
}
function @wrapper___cppgm_class_template_identity_4_0_0___async_write_some(%this : ptr [object_bytes=1], %buffer : ptr [pass=by_address, object_bytes=4], %handler : ptr [pass=by_address, object_bytes=8]) -> i32 [binding=weak, object=_ZN7wrapperI19basic_stream_socketI3tcp8executorEE16async_write_someIiPFviEEEiRKT_OT0_, inline_hint=yes] {
  slot $this : ptr
  slot $buffer : ptr
  slot $handler : ptr

  block ^entry:
    store ptr %this, $this
    store ptr %buffer, $buffer
    store ptr %handler, $handler
    %t1 = load ptr $this
    %t2 = index i8 [projection=field] %t1, 0
    %t3 = load ptr $buffer
    %t4 = load ptr $handler
    %t5 = call i32 @basic_stream_socket_tcp__executor___async_write_some(%t2, %t3, %t4)
    return i32 %t5
}
function @basic_stream_socket_tcp__executor___async_write_some(%this : ptr [object_bytes=1], %buffer : ptr [pass=by_address, object_bytes=4], %token : ptr [pass=by_address, object_bytes=8]) -> i32 [binding=weak, object=_ZN19basic_stream_socketI3tcp8executorE16async_write_someIiPFviEEEiRKT_OT0_, inline_hint=yes] {
  slot $this : ptr
  slot $buffer : ptr
  slot $token : ptr

  block ^entry:
    store ptr %this, $this
    store ptr %buffer, $buffer
    store ptr %token, $token
    %t1 = call ptr @declval__ov2()
    %t2 = load ptr $token
    %t3 = call i32 @async_initiate(%t1, %t2)
    return i32 %t3
}
function @async_initiate(%initiation : ptr [pass=by_address, object_bytes=4], %token : ptr [pass=by_address, object_bytes=8]) -> i32 [binding=weak, object=_Z14async_initiateIPFviES0_iEN12async_resultIT_T0_E8initiateEOT1_OS3_] {
  slot $initiation : ptr
  slot $token : ptr

  block ^entry:
    store ptr %initiation, $initiation
    store ptr %token, $token
    %t1 = load ptr $initiation
    %t2 = load ptr $token
    %t3 = call i32 @async_result_pointer_to_function_of__int__returning_void__void_int____initiate(%t1, %t2)
    return i32 %t3
}
function @async_result_pointer_to_function_of__int__returning_void__void_int____initiate(%__param0 : ptr [pass=by_address, object_bytes=4], %__param1 : ptr [pass=by_address, object_bytes=8]) -> i32 [binding=weak, object=_ZN12async_resultIPFviES0_E8initiateIiS1_EEiOT_OT0_, inline_hint=yes] {
  slot $__param0 : ptr
  slot $__param1 : ptr

  block ^entry:
    store ptr %__param0, $__param0
    store ptr %__param1, $__param1
    return i32 9
}
