declare global @__external_rtti_vtable____class_type_info [role=rtti_class, binding=strong, object=_ZTVN10__cxxabiv117__class_type_infoE]
declare global @__external_rtti_vtable____si_class_type_info [role=rtti_si, binding=strong, object=_ZTVN10__cxxabiv120__si_class_type_infoE]

declare function @operatordelete(%arg0 : ptr) -> void [unwind=no, role=free_memory, binding=strong, object=cppgm_builtin_operator_delete]

global @__typeinfo_name__struct_Base [binding=weak, object=_ZTS4Base] = {
  i8 52
  i8 66
  i8 97
  i8 115
  i8 101
  i8 0
}
global @__rtti_struct_Base [binding=weak, object=_ZTI4Base] = {
  ptr addr @__external_rtti_vtable____class_type_info + 16
  ptr addr @__typeinfo_name__struct_Base
}
global @__typeinfo_name__struct_Derived [binding=weak, object=_ZTS7Derived] = {
  i8 55
  i8 68
  i8 101
  i8 114
  i8 105
  i8 118
  i8 101
  i8 100
  i8 0
}
global @__rtti_struct_Derived [binding=weak, object=_ZTI7Derived] = {
  ptr addr @__external_rtti_vtable____si_class_type_info + 16
  ptr addr @__typeinfo_name__struct_Derived
  ptr addr @__rtti_struct_Base
}
global @Base__vtable [binding=weak, object=_ZTV4Base] = {
  i64 0
  ptr addr @__rtti_struct_Base
  ptr addr @Base___Base
  ptr addr @Base___Base__deleting_entry
  ptr addr @Base__destroy
}
global @Derived__vtable [binding=weak, object=_ZTV7Derived] = {
  i64 0
  ptr addr @__rtti_struct_Derived
  ptr addr @Derived___Derived
  ptr addr @Derived___Derived__deleting_entry
  ptr addr @Derived__destroy
}

function @main() -> i32 [role=entry, binding=strong, keep_alias=yes] {
  slot $d : obj<8x8>

  block ^entry:
    %t1 = addr $d
    call void @Derived__Derived(%t1)
    %t2 = addr $d
    %t3 = load ptr %t2
    %t4 = index i8 %t3, 16
    %t5 = load ptr %t4
    call void %t5(%t2) as (%arg0 : ptr [object_bytes=8]) -> void
    %t6 = addr $d
    call void @Derived___Derived(%t6)
    return i32 0
}
function @Derived___Derived__base_entry(%this : ptr [object_bytes=8]) -> void [unwind=no, binding=weak, object=_ZN7DerivedD2Ev, object_root=yes, inline_hint=yes] {
  slot $this : ptr

  block ^entry:
    store ptr %this, $this
    eh_cleanup ^destructor_cleanup_1
    %t1 = load ptr $this
    %t2 = addr @Derived__vtable
    %t3 = index i8 %t2, 16
    store ptr %t3, %t1
    eh_end
    %t4 = load ptr $this
    %t5 = index i8 %t4, 0
    call void @Base___Base__base_entry(%t5)
    jump ^destructor_end_2

  block ^destructor_cleanup_1:
    %t6 = load ptr $this
    %t7 = index i8 %t6, 0
    call void @Base___Base__base_entry(%t7)
    eh_end
    resume

  block ^destructor_end_2:
    return void
}
function @Derived___Derived__deleting_entry(%this : ptr) -> void [binding=weak, object=_ZN7DerivedD0Ev] {
  slot $this : ptr

  block ^entry:
    store ptr %this, $this
    eh_cleanup ^destructor_cleanup_1
    %t1 = load ptr $this
    %t2 = addr @Derived__vtable
    %t3 = index i8 %t2, 16
    store ptr %t3, %t1
    eh_end
    eh_cleanup ^destructor_suffix_cleanup_3
    %t4 = load ptr $this
    %t5 = index i8 %t4, 0
    call void @Base___Base__base_entry(%t5)
    eh_end
    jump ^destructor_suffix_next_4

  block ^destructor_suffix_cleanup_3:
    %t6 = load ptr $this
    call void @operatordelete(%t6)
    eh_end
    resume

  block ^destructor_suffix_next_4:
    %t7 = load ptr $this
    call void @operatordelete(%t7)
    jump ^destructor_end_2

  block ^destructor_cleanup_1:
    %t8 = load ptr $this
    %t9 = index i8 %t8, 0
    call void @Base___Base__base_entry(%t9)
    %t10 = load ptr $this
    call void @operatordelete(%t10)
    eh_end
    resume

  block ^destructor_end_2:
    return void
}
function @Derived___Derived(%this : ptr [object_bytes=8]) -> void [unwind=no, binding=weak, object=_ZN7DerivedD1Ev, inline_hint=yes] {
  slot $this : ptr

  block ^entry:
    store ptr %this, $this
    eh_cleanup ^destructor_cleanup_1
    %t1 = load ptr $this
    %t2 = addr @Derived__vtable
    %t3 = index i8 %t2, 16
    store ptr %t3, %t1
    eh_end
    %t4 = load ptr $this
    %t5 = index i8 %t4, 0
    call void @Base___Base__base_entry(%t5)
    jump ^destructor_end_2

  block ^destructor_cleanup_1:
    %t6 = load ptr $this
    %t7 = index i8 %t6, 0
    call void @Base___Base__base_entry(%t7)
    eh_end
    resume

  block ^destructor_end_2:
    return void
}
function @Derived__destroy(%this : ptr [object_bytes=8]) -> void [unwind=no, binding=weak, object=_ZN7Derived7destroyEv, inline_hint=yes] {
  slot $this : ptr

  block ^entry:
    store ptr %this, $this
    %t1 = load ptr $this
    %t2 = load ptr %t1
    %t3 = load ptr %t2
    call void %t3(%t1) as (%arg0 : ptr [object_bytes=8]) -> void [unwind=no]
    return void
}
function @Derived__Derived(%this : ptr [object_bytes=8]) -> void [binding=weak, object=_ZN7DerivedC1Ev, inline_hint=yes] {
  slot $this : ptr

  block ^entry:
    store ptr %this, $this
    %t1 = load ptr $this
    %t2 = index i8 %t1, 0
    call void @Base__Base__base_entry(%t2)
    eh_cleanup ^constructor_cleanup_1
    %t5 = load ptr $this
    %t6 = addr @Derived__vtable
    %t7 = index i8 %t6, 16
    store ptr %t7, %t5
    eh_end
    return void

  block ^constructor_cleanup_1:
    %t3 = load ptr $this
    %t4 = index i8 %t3, 0
    call void @Base___Base__base_entry(%t4)
    eh_end
    resume
}
function @Base___Base__base_entry(%this : ptr [object_bytes=8]) -> void [unwind=no, binding=weak, object=_ZN4BaseD2Ev, object_root=yes, inline_hint=yes] {
  slot $this : ptr

  block ^entry:
    store ptr %this, $this
    %t1 = load ptr $this
    %t2 = addr @Base__vtable
    %t3 = index i8 %t2, 16
    store ptr %t3, %t1
    return void
}
function @Base___Base__deleting_entry(%this : ptr) -> void [binding=weak, object=_ZN4BaseD0Ev] {
  slot $this : ptr

  block ^entry:
    store ptr %this, $this
    eh_cleanup ^destructor_cleanup_1
    %t1 = load ptr $this
    %t2 = addr @Base__vtable
    %t3 = index i8 %t2, 16
    store ptr %t3, %t1
    eh_end
    %t4 = load ptr $this
    call void @operatordelete(%t4)
    jump ^destructor_end_2

  block ^destructor_cleanup_1:
    %t5 = load ptr $this
    call void @operatordelete(%t5)
    eh_end
    resume

  block ^destructor_end_2:
    return void
}
function @Base___Base(%this : ptr [object_bytes=8]) -> void [unwind=no, binding=weak, object=_ZN4BaseD1Ev, inline_hint=yes] {
  slot $this : ptr

  block ^entry:
    store ptr %this, $this
    %t1 = load ptr $this
    %t2 = addr @Base__vtable
    %t3 = index i8 %t2, 16
    store ptr %t3, %t1
    return void
}
function @Base__destroy(%this : ptr [object_bytes=8]) -> void [unwind=no, binding=weak, object=_ZN4Base7destroyEv, inline_hint=yes] {
  slot $this : ptr

  block ^entry:
    store ptr %this, $this
    return void
}
function @Base__Base__base_entry(%this : ptr [object_bytes=8]) -> void [unwind=no, binding=weak, object=_ZN4BaseC2Ev, object_root=yes, inline_hint=yes] {
  slot $this : ptr

  block ^entry:
    store ptr %this, $this
    %t1 = load ptr $this
    %t2 = addr @Base__vtable
    %t3 = index i8 %t2, 16
    store ptr %t3, %t1
    return void
}
alias object _ZN7DerivedC2Ev = @Derived__Derived
