global @__constant_array_0 [storage=readonly, binding=internal] = {
  i32 0
  i32 0
  i32 0
  i32 0
  i32 0
  i32 0
  i32 0
  i32 0
}

function @main() -> i32 [role=entry, binding=strong, keep_alias=yes] {
  slot $values : obj<32x4>
  slot $b : obj<8x8>
  slot $tmpobj__1 : obj<8x8>

  block ^entry:
    %t1 = addr $values
    copyobj 32x4 @__constant_array_0, %t1
    %t9 = addr $b
    %t10 = addr $values
    call void @Box_int___Box_int_(%t9, %t10)
    %t11 = addr $tmpobj__1
    %t12 = addr $b
    %t13 = call obj<8x8> @Box_int___operator_(%t12, 4)
    copyobj 8x8 %t13, %t11
    %t14 = index i8 [projection=field] %t11, 0
    %t15 = load ptr %t14
    %t16 = addr $values
    %t17 = binary sub ptr %t15, %t16
    %t18 = binary shr i64 %t17, 2
    %t19 = binary sub i64 %t18, 4
    %t20 = convert trunc i32 i64 %t19
    return i32 %t20
}
function @Box_int___Box_int_(%this : ptr [object_bytes=8], %x : ptr) -> void [binding=weak, object=_ZN3BoxIiEC1EPi, inline_hint=yes] {
  slot $this : ptr
  slot $x : ptr

  block ^entry:
    store ptr %this, $this
    store ptr %x, $x
    %t1 = load ptr $x
    %t2 = load ptr $this
    %t3 = index i8 [projection=field] %t2, 0
    store ptr %t1, %t3
    return void
}
function @Box_int___operator_(%this : ptr [object_bytes=8], %n : i64) -> obj<8x8> [binding=weak, object=_ZNK3BoxIiEplEl, inline_hint=yes] {
  slot $this : ptr
  slot $n : i64
  slot $w : obj<8x8>
  slot $retobj__1 : obj<8x8>

  block ^entry:
    store ptr %this, $this
    store i64 %n, $n
    %t1 = addr $w
    %t2 = load ptr $this
    copyobj 8x8 %t2, %t1
    %t3 = addr $w
    %t4 = load i64 $n
    %t5 = call ptr @Box_int___operator__(%t3, %t4)
    %t6 = addr $retobj__1
    %t7 = addr $w
    copyobj 8x8 %t7, %t6
    return obj<8x8> $retobj__1
}
function @Box_int___Box_int___ov2(%this : ptr [alias=noalias, object_bytes=8], %__param1 : ptr [pass=by_address, alias=noalias, object_bytes=8]) -> void [unwind=no, binding=weak, object=_ZN3BoxIiEC1ERKS0_, inline_hint=yes] {
  slot $this : ptr
  slot $__param1 : ptr

  block ^entry:
    store ptr %this, $this
    store ptr %__param1, $__param1
    %t1 = load ptr $this
    %t2 = load ptr $__param1
    copyobj 8x8 %t2, %t1
    return void
}
function @Box_int___operator__(%this : ptr [object_bytes=8], %n : i64) -> ptr [binding=weak, object=_ZN3BoxIiEpLEl, inline_hint=yes] {
  slot $this : ptr
  slot $n : i64

  block ^entry:
    store ptr %this, $this
    store i64 %n, $n
    %t1 = load ptr $this
    %t2 = index i8 [projection=field] %t1, 0
    %t3 = load ptr %t2
    %t4 = load i64 $n
    %t5 = binary mul i64 %t4, 4
    %t6 = index i8 %t3, %t5
    store ptr %t6, %t2
    %t7 = load ptr $this
    return ptr %t7
}
alias object _ZN3BoxIiEC2EPi = @Box_int___Box_int_
alias object _ZN3BoxIiEC2ERKS0_ = @Box_int___Box_int___ov2
