global @__strlit__1 [storage=readonly, binding=internal] = {
  i8 111
  i8 110
  i8 101
  i8 0
}
global @__cppgm_class_template_identity_0_0_0__row [binding=weak, object=_ZN5tableIiE3rowE] = {
  ptr addr @__strlit__1
}

function @main() -> i32 [role=entry, binding=strong, keep_alias=yes] {
  slot $cond__1 : i32

  block ^entry:
    %t1 = addr @__cppgm_class_template_identity_0_0_0__row
    %t2 = index i8 [projection=field] %t1, 0
    %t3 = load ptr %t2
    %t4 = index i8 [projection=array_element] %t3, 0
    %t5 = load i8 %t4
    %t6 = convert sext i32 i8 %t5
    %t7 = cmp eq i32 %t6, 111
    branch %t7, ^cond_then_1, ^cond_else_2

  block ^cond_then_1:
    store i32 0, $cond__1
    jump ^cond_end_3

  block ^cond_else_2:
    store i32 1, $cond__1
    jump ^cond_end_3

  block ^cond_end_3:
    %t8 = load i32 $cond__1
    return i32 %t8
}
function @entry__entry(%this : ptr [object_bytes=8], %value : ptr) -> void [binding=weak, object=_ZN5entryC1EPKc, inline_hint=yes] {
  slot $this : ptr
  slot $value : ptr

  block ^entry:
    store ptr %this, $this
    store ptr %value, $value
    %t1 = load ptr $value
    %t2 = load ptr $this
    %t3 = index i8 [projection=field] %t2, 0
    store ptr %t1, %t3
    return void
}
alias object _ZN5entryC2EPKc = @entry__entry
