global @__local_static__read__decl0__reference : ptr [binding=internal] = addr @source
global @source : i32 [binding=strong, object=_Z6source] = 5

function @read() -> i32 [binding=strong, object=_Z4readv] {
  block ^entry:
    %t1 = load ptr @__local_static__read__decl0__reference
    %t2 = load i32 %t1
    return i32 %t2
}
function @main() -> i32 [role=entry, binding=strong, keep_alias=yes] {
  slot $cond__1 : i32

  block ^entry:
    %t1 = call i32 @read()
    %t2 = cmp eq i32 %t1, 5
    branch %t2, ^cond_then_1, ^cond_else_2

  block ^cond_then_1:
    store i32 0, $cond__1
    jump ^cond_end_3

  block ^cond_else_2:
    store i32 1, $cond__1
    jump ^cond_end_3

  block ^cond_end_3:
    %t3 = load i32 $cond__1
    return i32 %t3
}
