global @payload [binding=internal, object=_Z7payload] = {
  i32 7
}
global @adapted [binding=internal, object=_Z7adapted] = {
  i32 7
}

function @main() -> i32 [role=entry, binding=strong, keep_alias=yes] {
  block ^entry:
    return i32 0
}
function @Payload__Payload(%this : ptr [object_bytes=4], %v : i32) -> void [binding=weak, object=_ZN7PayloadC1Ei, inline_hint=yes] {
  slot $this : ptr
  slot $v : i32

  block ^entry:
    store ptr %this, $this
    store i32 %v, $v
    %t1 = load i32 $v
    %t2 = load ptr $this
    %t3 = index i8 [projection=field] %t2, 0
    store i32 %t1, %t3
    return void
}
function @Adapted__Adapted(%this : ptr [object_bytes=4], %p : obj<4x4>) -> void [binding=weak, object=_ZN7AdaptedC1E7Payload, inline_hint=yes] {
  slot $this : ptr
  slot $p : obj<4x4>

  block ^entry:
    store ptr %this, $this
    %t1 = addr $p
    copyobj 4x4 %p, %t1
    %t2 = load ptr $this
    %t3 = index i8 %t2, 0
    %t4 = addr $p
    copyobj 4x4 %t4, %t3
    return void
}
alias object _ZN7PayloadC2Ei = @Payload__Payload
alias object _ZN7AdaptedC2E7Payload = @Adapted__Adapted
