global @source [binding=internal, object=_Z6source] = {
  i32 3
}
global @negated [binding=internal, object=_Z7negated] = {
  i32 -3
}

function @main() -> i32 [role=entry, binding=strong, keep_alias=yes] {
  slot $cond__1 : i32

  block ^entry:
    %t1 = addr @negated
    %t2 = call i32 @duration__count(%t1)
    %t3 = unary neg i32 3
    %t4 = cmp eq i32 %t2, %t3
    branch %t4, ^cond_then_1, ^cond_else_2

  block ^cond_then_1:
    store i32 0, $cond__1
    jump ^cond_end_3

  block ^cond_else_2:
    store i32 1, $cond__1
    jump ^cond_end_3

  block ^cond_end_3:
    %t5 = load i32 $cond__1
    return i32 %t5
}
function @duration__duration(%this : ptr [object_bytes=4], %value : i32) -> void [binding=weak, object=_ZN8durationC1Ei, inline_hint=yes] {
  slot $this : ptr
  slot $value : i32

  block ^entry:
    store ptr %this, $this
    store i32 %value, $value
    %t1 = load i32 $value
    %t2 = load ptr $this
    %t3 = index i8 [projection=field] %t2, 0
    store i32 %t1, %t3
    return void
}
function @duration__operator_(%this : ptr [object_bytes=4]) -> obj<4x4> [binding=weak, object=_ZNK8durationngEv, inline_hint=yes] {
  slot $this : ptr
  slot $retobj__1 : obj<4x4>

  block ^entry:
    store ptr %this, $this
    %t1 = addr $retobj__1
    %t2 = load ptr $this
    %t3 = index i8 [projection=field] %t2, 0
    %t4 = load i32 %t3
    %t5 = unary neg i32 %t4
    call void @duration__duration(%t1, %t5)
    return obj<4x4> $retobj__1
}
function @duration__count(%this : ptr [object_bytes=4]) -> i32 [binding=weak, object=_ZNK8duration5countEv, inline_hint=yes] {
  slot $this : ptr

  block ^entry:
    store ptr %this, $this
    %t1 = load ptr $this
    %t2 = index i8 [projection=field] %t1, 0
    %t3 = load i32 %t2
    return i32 %t3
}
alias object _ZN8durationC2Ei = @duration__duration
