global @__pa95_array_0 [binding=internal, storage=readonly] = {
  i32 1
  i32 2
  i32 3
}
function @main() -> i32 [role=entry, binding=strong, keep_alias=yes] {
  slot $a : obj<12x4>
  slot $s : i32
  slot $__idx1 : i32
  slot $x : i32

  block ^entry:
    %t1 = addr $a
    copyobj 12x4 @__pa95_array_0, %t1
    store i32 0, $s
    store i32 0, $__idx1
    jump ^for_cond_1

  block ^for_cond_1:
    %t4 = load i32 $__idx1
    %t5 = cmp lt i32 %t4, 3
    branch %t5, ^for_body_2, ^for_end_4

  block ^for_body_2:
    %t6 = addr $a
    %t7 = load i32 $__idx1
    %t8 = index i32 [projection=array_element] %t6, %t7
    %t9 = load i32 %t8
    store i32 %t9, $x
    %t10 = load i32 $s
    %t11 = load i32 $x
    %t12 = binary add i32 %t10, %t11
    store i32 %t12, $s
    jump ^for_iter_3

  block ^for_iter_3:
    %t13 = load i32 $__idx1
    %t14 = binary add i32 %t13, 1
    store i32 %t14, $__idx1
    jump ^for_cond_1

  block ^for_end_4:
    %t15 = load i32 $s
    return i32 %t15
}
