global @__pa95_array_0 [binding=internal, storage=readonly] = {
  i32 1
  i32 2
  i32 3
}
function @main() -> i32 [role=entry, binding=strong, keep_alias=yes] {
  slot $a : obj<12x4>

  block ^entry:
    %t1 = addr $a
    copyobj 12x4 @__pa95_array_0, %t1
    %t4 = addr $a
    %t5 = index i32 [projection=array_element] %t4, 1
    %t6 = load i32 %t5
    return i32 %t6
}
