global @__pa95_array_0 [binding=internal, storage=readonly] = {
  i8 97
  i8 0
}
function @main() -> i32 [role=entry, binding=strong, keep_alias=yes] {
  slot $value : obj<2x1>
  slot $cond__1 : i32

  block ^entry:
    %t1 = addr $value
    copyobj 2x1 @__pa95_array_0, %t1
    %t3 = addr $value
    %t4 = index i8 [projection=array_element] %t3, 0
    %t5 = load i8 %t4
    %t6 = convert sext i32 i8 %t5
    %t7 = cmp eq i32 %t6, 97
    branch %t7, ^cond_then_1, ^cond_else_2

  block ^cond_then_1:
    store i32 0, $cond__1
    jump ^cond_end_3

  block ^cond_else_2:
    store i32 1, $cond__1
    jump ^cond_end_3

  block ^cond_end_3:
    %t8 = load i32 $cond__1
    return i32 %t8
}
