global @__pa95_array_0 [binding=internal, storage=readonly] = {
  i32 5
  i32 6
}
function @main() -> i32 [role=entry, binding=strong, keep_alias=yes] {
  slot $data : obj<8x4>
  slot $r : obj<8x8>
  slot $s : i32
  slot $__begin1 : obj<8x8>
  slot $__end2 : obj<8x8>
  slot $x : ptr
  slot $tmpref__1 : i32

  block ^entry:
    %t1 = addr $data
    copyobj 8x4 @__pa95_array_0, %t1
    %t3 = addr $r
    %t4 = addr $data
    call void @Range__Range(%t3, %t4)
    store i32 0, $s
    %t5 = addr $__begin1
    %t6 = addr $r
    %t7 = index i8 %t6, 0
    %t8 = call obj<8x8> @RangeBase__begin(%t7)
    copyobj 8x8 %t8, %t5
    %t9 = addr $__end2
    %t10 = addr $r
    %t11 = index i8 %t10, 0
    %t12 = call obj<8x8> @RangeBase__end(%t11)
    copyobj 8x8 %t12, %t9
    jump ^for_cond_1

  block ^for_cond_1:
    %t13 = addr $__begin1
    %t14 = addr $__end2
    %t15 = call u8 @Iter__operator__(%t13, %t14)
    branch %t15, ^for_body_2, ^for_end_4

  block ^for_body_2:
    %t16 = addr $__begin1
    %t17 = call i32 @Iter__operator_(%t16)
    store i32 %t17, $tmpref__1
    %t18 = addr $tmpref__1
    store ptr %t18, $x
    %t19 = load i32 $s
    %t20 = load ptr $x
    %t21 = load i32 %t20
    %t22 = binary add i32 %t19, %t21
    store i32 %t22, $s
    jump ^for_iter_3

  block ^for_iter_3:
    %t23 = addr $__begin1
    %t24 = call ptr @Iter__operator____sym2(%t23)
    jump ^for_cond_1

  block ^for_end_4:
    %t25 = load i32 $s
    return i32 %t25
}
function @Range__Range(%this : ptr [object_bytes=8], %data : ptr) -> void [binding=weak, object=_ZN5RangeC1EPi, inline_hint=yes] {
  slot $this : ptr
  slot $data : ptr

  block ^entry:
    store ptr %this, $this
    store ptr %data, $data
    %t1 = load ptr $this
    %t2 = index i8 %t1, 0
    %t3 = load ptr $data
    call void @RangeBase__RangeBase__base_entry(%t2, %t3)
    return void
}
function @RangeBase__begin(%this : ptr [object_bytes=8]) -> obj<8x8> [binding=weak, object=_ZN9RangeBase5beginEv, inline_hint=yes] {
  slot $this : ptr
  slot $retobj__1 : obj<8x8>

  block ^entry:
    store ptr %this, $this
    %t1 = addr $retobj__1
    %t2 = load ptr $this
    %t3 = index i8 [projection=field] %t2, 0
    %t4 = load ptr %t3
    call void @Iter__Iter(%t1, %t4)
    return obj<8x8> $retobj__1
}
function @RangeBase__end(%this : ptr [object_bytes=8]) -> obj<8x8> [binding=weak, object=_ZN9RangeBase3endEv, inline_hint=yes] {
  slot $this : ptr
  slot $retobj__1 : obj<8x8>

  block ^entry:
    store ptr %this, $this
    %t1 = addr $retobj__1
    %t2 = load ptr $this
    %t3 = index i8 [projection=field] %t2, 0
    %t4 = load ptr %t3
    %t5 = binary mul i64 2, 4
    %t6 = index i8 %t4, %t5
    call void @Iter__Iter(%t1, %t6)
    return obj<8x8> $retobj__1
}
function @Iter__operator__(%this : ptr [object_bytes=8], %o : ptr [pass=by_address, object_bytes=8]) -> u8 [binding=weak, object=_ZNK4IterneERKS_, inline_hint=yes] {
  slot $this : ptr
  slot $o : ptr

  block ^entry:
    store ptr %this, $this
    store ptr %o, $o
    %t1 = load ptr $this
    %t2 = index i8 [projection=field] %t1, 0
    %t3 = load ptr %t2
    %t4 = load ptr $o
    %t5 = index i8 [projection=field] %t4, 0
    %t6 = load ptr %t5
    %t7 = cmp ne ptr %t3, %t6
    %t8 = convert trunc u8 i64 %t7
    return u8 %t8
}
function @Iter__operator_(%this : ptr [object_bytes=8]) -> i32 [binding=weak, object=_ZNK4IterdeEv, inline_hint=yes] {
  slot $this : ptr

  block ^entry:
    store ptr %this, $this
    %t1 = load ptr $this
    %t2 = index i8 [projection=field] %t1, 0
    %t3 = load ptr %t2
    %t4 = load i32 %t3
    return i32 %t4
}
function @Iter__operator____sym2(%this : ptr [object_bytes=8]) -> ptr [binding=weak, object=_ZN4IterppEv, inline_hint=yes] {
  slot $this : ptr

  block ^entry:
    store ptr %this, $this
    %t1 = load ptr $this
    %t2 = index i8 [projection=field] %t1, 0
    %t3 = load ptr %t2
    %t4 = binary mul i64 1, 4
    %t5 = index i8 %t3, %t4
    store ptr %t5, %t2
    %t6 = load ptr $this
    return ptr %t6
}
function @RangeBase__RangeBase__base_entry(%this : ptr [object_bytes=8], %data : ptr) -> void [binding=weak, object=_ZN9RangeBaseC2EPi, object_root=yes, inline_hint=yes] {
  slot $this : ptr
  slot $data : ptr

  block ^entry:
    store ptr %this, $this
    store ptr %data, $data
    %t1 = load ptr $data
    %t2 = load ptr $this
    %t3 = index i8 [projection=field] %t2, 0
    store ptr %t1, %t3
    return void
}
function @Iter__Iter(%this : ptr [object_bytes=8], %p : ptr) -> void [binding=weak, object=_ZN4IterC1EPi, inline_hint=yes] {
  slot $this : ptr
  slot $p : ptr

  block ^entry:
    store ptr %this, $this
    store ptr %p, $p
    %t1 = load ptr $p
    %t2 = load ptr $this
    %t3 = index i8 [projection=field] %t2, 0
    store ptr %t1, %t3
    return void
}
alias object _ZN5RangeC2EPi = @Range__Range
alias object _ZN4IterC2EPi = @Iter__Iter
