function @make_aggregate(%ret : ptr [pass=indirect_result, object_bytes=40], %first : ptr [pass=by_address, object_bytes=16], %second : ptr [pass=by_address, object_bytes=16]) -> void [binding=strong, object=_Z14make_aggregate12member_valueS_] {
  slot $first : obj<16x8>
  slot $second : obj<16x8>
  block ^entry:
    %prefix = index i8 [projection=field] %ret, 0
    store i32 1, %prefix
    %a = index i8 [projection=field] %ret, 8
    call void @member_value__member_value__ov2(%a, %first)
    %b = index i8 [projection=field] %ret, 24
    call void @member_value__member_value__ov2(%b, %second)
    return void
}
function @main() -> i32 [role=entry, binding=strong, keep_alias=yes] {
  block ^entry:
    return i32 0
}
function @member_value__member_value__ov2(%this : ptr [alias=noalias, object_bytes=16], %other : ptr [pass=by_address, alias=noalias, object_bytes=16]) -> void [unwind=no, binding=weak, object=_ZN12member_valueC1ERKS_, inline_hint=yes] {
  slot $this : ptr
  slot $other : ptr

  block ^entry:
    store ptr %this, $this
    store ptr %other, $other
    %t1 = load ptr $this
    %t2 = index i8 [projection=field] %t1, 8
    %t3 = load ptr $this
    %t4 = index i8 [projection=field] %t3, 0
    store ptr %t2, %t4
    %t5 = load ptr $other
    %t6 = index i8 [projection=field] %t5, 8
    %t7 = load i32 %t6
    %t8 = load ptr $this
    %t9 = index i8 [projection=field] %t8, 8
    store i32 %t7, %t9
    return void
}
function @member_value__member_value(%this : ptr [object_bytes=16], %input : i32) -> void [unwind=no, binding=weak, object=_ZN12member_valueC1Ei, inline_hint=yes] {
  slot $this : ptr
  slot $input : i32
  block ^entry:
    store ptr %this, $this
    store i32 %input, $input
    %a = load ptr $this
    %local = index i8 [projection=field] %a, 8
    %b = load ptr $this
    %pointer = index i8 [projection=field] %b, 0
    store ptr %local, %pointer
    %value = load i32 $input
    %c = load ptr $this
    %target = index i8 [projection=field] %c, 8
    store i32 %value, %target
    return void
}
alias object _ZN12member_valueC2Ei = @member_value__member_value
alias object _ZN12member_valueC2ERKS_ = @member_value__member_value__ov2
