global @__pa95_array_0 [binding=internal, storage=readonly] = {
  i32 3
  i32 4
}
function @ns__begin(%r : ptr [pass=by_address, object_bytes=8]) -> obj<8x8> [binding=strong, object=_ZN2ns5beginERNS_5RangeE] {
  slot $r : ptr
  slot $retobj__1 : obj<8x8>

  block ^entry:
    store ptr %r, $r
    %t1 = addr $retobj__1
    %t2 = load ptr $r
    %t3 = index i8 [projection=field] %t2, 0
    %t4 = load ptr %t3
    call void @Iter__Iter(%t1, %t4)
    return obj<8x8> $retobj__1
}
function @ns__end(%r : ptr [pass=by_address, object_bytes=8]) -> obj<8x8> [binding=strong, object=_ZN2ns3endERNS_5RangeE] {
  slot $r : ptr
  slot $retobj__1 : obj<8x8>

  block ^entry:
    store ptr %r, $r
    %t1 = addr $retobj__1
    %t2 = load ptr $r
    %t3 = index i8 [projection=field] %t2, 0
    %t4 = load ptr %t3
    %t5 = binary mul i64 2, 4
    %t6 = index i8 %t4, %t5
    call void @Iter__Iter(%t1, %t6)
    return obj<8x8> $retobj__1
}
function @main() -> i32 [role=entry, binding=strong, keep_alias=yes] {
  slot $data : obj<8x4>
  slot $r : obj<8x8>
  slot $owner : obj<1x1>

  block ^entry:
    %t1 = addr $data
    copyobj 8x4 @__pa95_array_0, %t1
    %t3 = addr $r
    %t4 = addr $data
    call void @ns__Range__Range(%t3, %t4)
    %t5 = addr $owner
    %t6 = addr $owner
    %t7 = addr $r
    %t8 = call i32 @Owner__sum(%t6, %t7)
    return i32 %t8
}
function @Iter__Iter(%this : ptr [object_bytes=8], %p : ptr) -> void [binding=weak, object=_ZN4IterC1EPi, inline_hint=yes] {
  slot $this : ptr
  slot $p : ptr

  block ^entry:
    store ptr %this, $this
    store ptr %p, $p
    %t1 = load ptr $p
    %t2 = load ptr $this
    %t3 = index i8 [projection=field] %t2, 0
    store ptr %t1, %t3
    return void
}
function @ns__Range__Range(%this : ptr [object_bytes=8], %data : ptr) -> void [binding=weak, object=_ZN2ns5RangeC1EPi, inline_hint=yes] {
  slot $this : ptr
  slot $data : ptr

  block ^entry:
    store ptr %this, $this
    store ptr %data, $data
    %t1 = load ptr $data
    %t2 = load ptr $this
    %t3 = index i8 [projection=field] %t2, 0
    store ptr %t1, %t3
    return void
}
function @Owner__sum(%this : ptr [object_bytes=1], %r : ptr [pass=by_address, object_bytes=8]) -> i32 [binding=weak, object=_ZN5Owner3sumERN2ns5RangeE, inline_hint=yes] {
  slot $this : ptr
  slot $r : ptr
  slot $total : i32
  slot $__begin1 : obj<8x8>
  slot $__end2 : obj<8x8>
  slot $x : i32

  block ^entry:
    store ptr %this, $this
    store ptr %r, $r
    store i32 0, $total
    %t1 = addr $__begin1
    %t2 = load ptr $r
    %t3 = call obj<8x8> @ns__begin(%t2)
    copyobj 8x8 %t3, %t1
    %t4 = addr $__end2
    %t5 = load ptr $r
    %t6 = call obj<8x8> @ns__end(%t5)
    copyobj 8x8 %t6, %t4
    jump ^for_cond_1

  block ^for_cond_1:
    %t7 = addr $__begin1
    %t8 = addr $__end2
    %t9 = call u8 @Iter__operator__(%t7, %t8)
    branch %t9, ^for_body_2, ^for_end_4

  block ^for_body_2:
    %t10 = addr $__begin1
    %t11 = call ptr @Iter__operator_(%t10)
    %t12 = load i32 %t11
    store i32 %t12, $x
    %t13 = load i32 $total
    %t14 = load i32 $x
    %t15 = binary add i32 %t13, %t14
    store i32 %t15, $total
    jump ^for_iter_3

  block ^for_iter_3:
    %t16 = addr $__begin1
    %t17 = call ptr @Iter__operator____sym2(%t16)
    jump ^for_cond_1

  block ^for_end_4:
    %t18 = load i32 $total
    return i32 %t18
}
function @Iter__operator__(%this : ptr [object_bytes=8], %o : ptr [pass=by_address, object_bytes=8]) -> u8 [binding=weak, object=_ZNK4IterneERKS_, inline_hint=yes] {
  slot $this : ptr
  slot $o : ptr

  block ^entry:
    store ptr %this, $this
    store ptr %o, $o
    %t1 = load ptr $this
    %t2 = index i8 [projection=field] %t1, 0
    %t3 = load ptr %t2
    %t4 = load ptr $o
    %t5 = index i8 [projection=field] %t4, 0
    %t6 = load ptr %t5
    %t7 = cmp ne ptr %t3, %t6
    %t8 = convert trunc u8 i64 %t7
    return u8 %t8
}
function @Iter__operator_(%this : ptr [object_bytes=8]) -> ptr [binding=weak, object=_ZNK4IterdeEv, inline_hint=yes] {
  slot $this : ptr

  block ^entry:
    store ptr %this, $this
    %t1 = load ptr $this
    %t2 = index i8 [projection=field] %t1, 0
    %t3 = load ptr %t2
    return ptr %t3
}
function @Iter__operator____sym2(%this : ptr [object_bytes=8]) -> ptr [binding=weak, object=_ZN4IterppEv, inline_hint=yes] {
  slot $this : ptr

  block ^entry:
    store ptr %this, $this
    %t1 = load ptr $this
    %t2 = index i8 [projection=field] %t1, 0
    %t3 = load ptr %t2
    %t4 = binary mul i64 1, 4
    %t5 = index i8 %t3, %t4
    store ptr %t5, %t2
    %t6 = load ptr $this
    return ptr %t6
}
alias object _ZN4IterC2EPi = @Iter__Iter
alias object _ZN2ns5RangeC2EPi = @ns__Range__Range
