function @main() -> i32 [role=entry, binding=strong, keep_alias=yes] {
  slot $value : obj<1x1>
  slot $cond__1 : i32

  block ^entry:
    %t1 = addr $value
    call void @tuples__tuple_int__int__int__tuples__null_type__tuples__null_type__tuples__null_type__tuples__null_type__tuples__null_type__tuples__null_type__tuples__null_type___tuple_int__int__int__tuples__null_type__tuples__null_type__tuples__null_type__tuples__null_type__tuples__null_type__tuples__null_type__tuples__null_type_(%t1, 0, 0, 0)
    %t2 = addr $value
    %t3 = call i32 @take(%t2)
    %t4 = cmp eq i32 %t3, 2
    branch %t4, ^cond_then_1, ^cond_else_2

  block ^cond_then_1:
    store i32 0, $cond__1
    jump ^cond_end_3

  block ^cond_else_2:
    store i32 1, $cond__1
    jump ^cond_end_3

  block ^cond_end_3:
    %t5 = load i32 $cond__1
    return i32 %t5
}
function @tuples__tuple_int__int__int__tuples__null_type__tuples__null_type__tuples__null_type__tuples__null_type__tuples__null_type__tuples__null_type__tuples__null_type___tuple_int__int__int__tuples__null_type__tuples__null_type__tuples__null_type__tuples__null_type__tuples__null_type__tuples__null_type__tuples__null_type_(%this : ptr [object_bytes=1], %__param1 : i32, %__param2 : i32, %__param3 : i32) -> void [binding=weak, object=_ZN6tuples5tupleIiiiNS_9null_typeES1_S1_S1_S1_S1_S1_EC1Eiii, inline_hint=yes] {
  slot $this : ptr
  slot $__param1 : i32
  slot $__param2 : i32
  slot $__param3 : i32

  block ^entry:
    store ptr %this, $this
    store i32 %__param1, $__param1
    store i32 %__param2, $__param2
    store i32 %__param3, $__param3
    return void
}
function @take(%__param0 : ptr [pass=by_address, object_bytes=1]) -> i32 [binding=weak, object=_Z4takeIiJiiN6tuples9null_typeES1_S1_S1_S1_S1_S1_EEiRKNS0_5tupleIT_DpT0_EE] {
  slot $__param0 : ptr

  block ^entry:
    store ptr %__param0, $__param0
    %t1 = const i64 9
    %t2 = convert trunc i32 i64 %t1
    return i32 %t2
}
alias object _ZN6tuples5tupleIiiiNS_9null_typeES1_S1_S1_S1_S1_S1_EC2Eiii = @tuples__tuple_int__int__int__tuples__null_type__tuples__null_type__tuples__null_type__tuples__null_type__tuples__null_type__tuples__null_type__tuples__null_type___tuple_int__int__int__tuples__null_type__tuples__null_type__tuples__null_type__tuples__null_type__tuples__null_type__tuples__null_type__tuples__null_type_
