global @__pa92_array_0 [binding=internal, storage=readonly] = {
  i32 0
}
function @main() -> i32 [role=entry, binding=strong, keep_alias=yes] {
  slot $c : obj<1x1>
  slot $values : obj<4x4>

  block ^entry:
    %t1 = addr $c
    %t2 = addr $values
    copyobj 4x4 @__pa92_array_0, %t2
    %t3 = addr $c
    %t4 = addr $values
    %t5 = addr $values
    %t6 = binary mul i64 1, 4
    %t7 = index i8 %t5, %t6
    %t8 = call i32 @C_int___f(%t3, %t4, %t7)
    return i32 %t8
}
function @C_int___f(%this : ptr [object_bytes=1], %first : ptr, %last : ptr) -> i32 [binding=weak, object=_ZN1CIiE1fIPiEEiT_S3_] {
  slot $this : ptr
  slot $first : ptr
  slot $last : ptr

  block ^entry:
    store ptr %this, $this
    store ptr %first, $first
    store ptr %last, $last
    %t1 = load ptr $this
    %t2 = load ptr $first
    %t3 = load ptr $last
    %t4 = call i32 @C_int___g__ov2(%t1, %t2, %t3, 1)
    return i32 %t4
}
function @C_int___g__ov2(%this : ptr [object_bytes=1], %first : ptr, %last : ptr, %n : i32) -> i32 [binding=weak, object=_ZN1CIiE1gIPiEEiT_S3_i] {
  slot $this : ptr
  slot $first : ptr
  slot $last : ptr
  slot $n : i32

  block ^entry:
    store ptr %this, $this
    store ptr %first, $first
    store ptr %last, $last
    store i32 %n, $n
    %t1 = load ptr $first
    %t2 = load i32 %t1
    return i32 %t2
}
