global @__constant_array_0 [storage=readonly, binding=internal] = {
  i32 1
  i32 2
}

function @main() -> i32 [role=entry, binding=strong, keep_alias=yes] {
  slot $values : obj<8x4>
  slot $p : obj<8x8>
  slot $cond__1 : i32

  block ^entry:
    %t1 = addr $values
    copyobj 8x4 @__constant_array_0, %t1
    %t3 = addr $p
    %t4 = addr $values
    %t5 = addr $p
    %t6 = index i8 [projection=field] %t5, 0
    store ptr %t4, %t6
    %t7 = addr $p
    %t8 = call ptr @pointer__operatorint_(%t7)
    %t9 = binary mul i64 1, 4
    %t10 = index i8 %t8, %t9
    %t11 = load i32 %t10
    %t12 = cmp eq i32 %t11, 2
    branch %t12, ^cond_then_1, ^cond_else_2

  block ^cond_then_1:
    store i32 0, $cond__1
    jump ^cond_end_3

  block ^cond_else_2:
    store i32 1, $cond__1
    jump ^cond_end_3

  block ^cond_end_3:
    %t13 = load i32 $cond__1
    return i32 %t13
}
function @pointer__operatorint_(%this : ptr [object_bytes=8]) -> ptr [binding=weak, object=_ZNK7pointercvPiEv, inline_hint=yes] {
  slot $this : ptr

  block ^entry:
    store ptr %this, $this
    %t1 = load ptr $this
    %t2 = index i8 [projection=field] %t1, 0
    %t3 = load ptr %t2
    return ptr %t3
}
