global @__constant_array_0 [storage=readonly, binding=internal] = {
  i32 0
  i32 7
}

function @main() -> i32 [role=entry, binding=strong, keep_alias=yes] {
  slot $values : obj<8x4>
  slot $cond__1 : i32
  slot $tmpobj__2 : obj<1x1>

  block ^entry:
    %t1 = addr $values
    copyobj 8x4 @__constant_array_0, %t1
    %t3 = addr $values
    %t4 = addr $tmpobj__2
    zeroinit 1x1 %t4
    %t5 = call i64 @index__operatorlong(%t4)
    %t6 = index i32 [projection=array_element] %t3, %t5
    %t7 = load i32 %t6
    %t8 = cmp eq i32 %t7, 7
    branch %t8, ^cond_then_1, ^cond_else_2

  block ^cond_then_1:
    store i32 0, $cond__1
    jump ^cond_end_3

  block ^cond_else_2:
    store i32 1, $cond__1
    jump ^cond_end_3

  block ^cond_end_3:
    %t9 = load i32 $cond__1
    return i32 %t9
}
function @index__operatorlong(%this : ptr [object_bytes=1]) -> i64 [binding=weak, object=_ZNK5indexcvlEv, inline_hint=yes] {
  slot $this : ptr

  block ^entry:
    store ptr %this, $this
    return i64 1
}
