global @__pa83_array_0 [binding=internal, storage=readonly] = {
  i8 97
  i8 98
  i8 97
}
function @count_chars(%first : ptr, %last : ptr, %value : ptr [pass=by_address, object_bytes=1], %project : obj<1x1>) -> i64 [binding=strong, object=_Z11count_charsPcS_RKc8identity] {
  slot $first : ptr
  slot $last : ptr
  slot $value : ptr
  slot $project : obj<1x1>
  slot $result : i64

  block ^entry:
    store ptr %first, $first
    store ptr %last, $last
    store ptr %value, $value
    store i64 0, $result
    jump ^for_cond_1

  block ^for_cond_1:
    %t1 = load ptr $first
    %t2 = load ptr $last
    %t3 = cmp ne ptr %t1, %t2
    branch %t3, ^for_body_2, ^for_end_4

  block ^for_body_2:
    %t4 = addr $project
    %t5 = load ptr $first
    %t6 = call ptr @invoke__ov2(%t4, %t5)
    %t7 = load i8 %t6
    %t8 = load ptr $value
    %t9 = load i8 %t8
    %t10 = convert sext i32 i8 %t7
    %t11 = convert sext i32 i8 %t9
    %t12 = cmp eq i32 %t10, %t11
    branch %t12, ^if_then_5, ^if_else_6

  block ^if_then_5:
    %t13 = load i64 $result
    %t14 = binary add i64 %t13, 1
    store i64 %t14, $result
    jump ^if_end_7

  block ^if_else_6:
    jump ^if_end_7

  block ^if_end_7:
    jump ^for_iter_3

  block ^for_iter_3:
    %t15 = load ptr $first
    %t16 = index i8 %t15, 1
    store ptr %t16, $first
    jump ^for_cond_1

  block ^for_end_4:
    %t17 = load i64 $result
    return i64 %t17
}
function @main() -> i32 [role=entry, binding=strong, keep_alias=yes] {
  slot $data : obj<3x1>
  slot $cond__1 : i32
  slot $argobj__2 : obj<1x1>

  block ^entry:
    %t1 = addr $data
    copyobj 3x1 @__pa83_array_0, %t1
    %t4 = addr $data
    %t5 = addr $data
    %t6 = index i8 %t5, 3
    %t7 = addr $data
    %t8 = index i8 [projection=array_element] %t7, 0
    %t9 = addr $argobj__2
    %t10 = call i64 @count_chars(%t4, %t6, %t8, $argobj__2)
    %t11 = cmp eq i64 %t10, 2
    branch %t11, ^cond_then_1, ^cond_else_2

  block ^cond_then_1:
    store i32 0, $cond__1
    jump ^cond_end_3

  block ^cond_else_2:
    store i32 1, $cond__1
    jump ^cond_end_3

  block ^cond_end_3:
    %t12 = load i32 $cond__1
    return i32 %t12
}
function @invoke__ov2(%function : ptr [pass=by_address, object_bytes=1], %argument : ptr [pass=by_address, object_bytes=1]) -> ptr [binding=weak, object=_Z6invokeIR8identityRcES2_OT_OT0_] {
  slot $function : ptr
  slot $argument : ptr

  block ^entry:
    store ptr %function, $function
    store ptr %argument, $argument
    %t1 = load ptr $function
    %t2 = load ptr $argument
    %t3 = call ptr @identity__operator__(%t1, %t2)
    return ptr %t3
}
function @identity__operator__(%this : ptr [object_bytes=1], %value : ptr [pass=by_address, object_bytes=1]) -> ptr [binding=weak, object=_ZNK8identityclIRcEEOT_S3_, inline_hint=yes] {
  slot $this : ptr
  slot $value : ptr

  block ^entry:
    store ptr %this, $this
    store ptr %value, $value
    %t1 = load ptr $value
    %t2 = call ptr @forward_like(%t1)
    return ptr %t2
}
function @forward_like(%value : ptr [pass=by_address, object_bytes=1]) -> ptr [binding=weak, object=_Z12forward_likeIRcEOT_RS1_] {
  slot $value : ptr

  block ^entry:
    store ptr %value, $value
    %t1 = load ptr $value
    return ptr %t1
}
