global @__pa83_array_0 [binding=internal, storage=readonly] = {
  i32 0
  i32 0
  i32 0
  i32 0
}
function @main() -> i32 [role=entry, binding=strong, keep_alias=yes] {
  slot $value : obj<16x4>

  block ^entry:
    %t1 = addr $value
    copyobj 16x4 @__pa83_array_0, %t1
    %t5 = addr $value
    call void @outer(%t5)
    return i32 0
}
function @outer(%value : ptr [pass=by_address, object_bytes=16]) -> void [binding=weak, object=_Z5outerIA2_A2_iEvRKT_] {
  slot $value : ptr

  block ^entry:
    store ptr %value, $value
    %t1 = load ptr $value
    call void @inner(%t1)
    return void
}
function @inner(%__param0 : ptr [pass=by_address, object_bytes=16]) -> void [binding=weak, object=_Z5innerIA2_A2_iEvRKT_] {
  slot $__param0 : ptr
  slot $copy : obj<16x4>

  block ^entry:
    store ptr %__param0, $__param0
    %t1 = addr $copy
    copyobj 16x4 @__pa83_array_0, %t1
    %t5 = addr $copy
    %t6 = binary mul i64 0, 8
    %t7 = index i8 [projection=array_element] %t5, %t6
    %t8 = index i32 [projection=array_element] %t7, 0
    store i32 1, %t8
    return void
}
