global @__pa83_array_0 [binding=internal, storage=readonly] = {
  i8 97
  i8 98
}
global @__pa83_array_1 [binding=internal, storage=readonly] = {
  i8 0
  i8 0
}
function @main() -> i32 [role=entry, binding=strong, keep_alias=yes] {
  slot $src_buf : obj<2x1>
  slot $dst_buf : obj<2x1>
  slot $src : ptr
  slot $dst : ptr
  slot $tmpobj__1 : obj<16x8>

  block ^entry:
    %t1 = addr $src_buf
    copyobj 2x1 @__pa83_array_0, %t1
    %t3 = addr $dst_buf
    copyobj 2x1 @__pa83_array_1, %t3
    %t5 = addr $src_buf
    store ptr %t5, $src
    %t6 = addr $dst_buf
    store ptr %t6, $dst
    %t7 = addr $tmpobj__1
    %t8 = load ptr $src
    %t9 = load ptr $dst
    %t10 = call obj<16x8> @helper(%t8, 2, %t9)
    copyobj 16x8 %t10, %t7
    %t11 = index i8 [projection=field] %t7, 8
    %t12 = load ptr %t11
    %t13 = load ptr $dst
    %t14 = binary sub ptr %t12, %t13
    %t15 = convert trunc i32 i64 %t14
    return i32 %t15
}
function @helper(%first : ptr, %n : i64, %result : ptr) -> obj<16x8> [binding=weak, object=_Z6helperI6PolicyPcS1_TnN9enable_ifIXsr6is_ptrIT0_EE5valueEiE4typeELi0EE4PairIS3_T1_ES3_41__function_template_nondeduced_type_shapeS7_] {
  slot $first : ptr
  slot $n : i64
  slot $result : ptr
  slot $p : obj<16x8>
  slot $retobj__1 : obj<16x8>

  block ^entry:
    store ptr %first, $first
    store i64 %n, $n
    store ptr %result, $result
    %t1 = addr $p
    %t2 = load ptr $first
    %t3 = addr $p
    %t4 = index i8 [projection=field] %t3, 0
    store ptr %t2, %t4
    %t5 = load ptr $result
    %t6 = addr $p
    %t7 = index i8 [projection=field] %t6, 8
    store ptr %t5, %t7
    %t8 = addr $retobj__1
    %t9 = addr $p
    copyobj 16x8 %t9, %t8
    return obj<16x8> $retobj__1
}
