function @main() -> i32 [role=entry, binding=strong, keep_alias=yes] {
  slot $t : obj<1x1>

  block ^entry:
    %t1 = addr $t
    %t2 = addr $t
    %t3 = index i8 %t2, 0
    %t4 = call ptr @ns__helper(%t3)
    return i32 0
}
function @ns__helper(%__param0 : ptr [pass=by_address, object_bytes=1]) -> ptr [binding=weak, object=_ZN2ns6helperILm1EiJEEERT0_RNS_4implILm0EJS1_T1_EEE] {
  slot $__param0 : ptr

  block ^entry:
    store ptr %__param0, $__param0
    return ptr 0
}
