declare global @boost__parameter____cppgm_class_template_identity_7_1_0__instance [binding=weak, object=_ZN5boost9parameter7keywordINS_5graph8keywords3tag9color_mapEE8instanceE]

function @main() -> i32 [role=entry, binding=strong, keep_alias=yes] {
  slot $kw : obj<1x1>
  slot $discard__1 : obj<8x8>
  slot $refarg__2 : i32

  block ^entry:
    %t1 = addr $kw
    %t2 = addr $discard__1
    %t3 = addr $kw
    store i32 0, $refarg__2
    %t4 = addr $refarg__2
    %t5 = call obj<8x8> @boost__parameter__keyword_boost__graph__keywords__tag__color_map___operator_(%t3, %t4)
    copyobj 8x8 %t5, %t2
    return i32 0
}
function @boost__parameter__keyword_boost__graph__keywords__tag__color_map___operator_(%this : ptr [object_bytes=1], %d : ptr [pass=by_address, object_bytes=4]) -> obj<8x8> [binding=weak, object=_ZNK5boost9parameter7keywordINS_5graph8keywords3tag9color_mapEEorIiEENS0_3aux8default_IS5_KiEERKT_, inline_hint=yes] {
  slot $this : ptr
  slot $d : ptr
  slot $retobj__1 : obj<8x8>

  block ^entry:
    store ptr %this, $this
    store ptr %d, $d
    %t1 = addr $retobj__1
    %t2 = load ptr $d
    call void @boost__parameter__aux__default__boost__graph__keywords__tag__color_map__int_const___default__boost__graph__keywords__tag__color_map__int_const_(%t1, %t2)
    return obj<8x8> $retobj__1
}
function @boost__parameter__aux__default__boost__graph__keywords__tag__color_map__int_const___default__boost__graph__keywords__tag__color_map__int_const_(%this : ptr [object_bytes=8], %x : ptr [pass=by_address, object_bytes=4]) -> void [binding=weak, object=_ZN5boost9parameter3aux8default_INS_5graph8keywords3tag9color_mapEKiEC1ERS7_, inline_hint=yes] {
  slot $this : ptr
  slot $x : ptr

  block ^entry:
    store ptr %this, $this
    store ptr %x, $x
    %t1 = load ptr $x
    %t2 = load ptr $this
    %t3 = index i8 [projection=field] %t2, 0
    store ptr %t1, %t3
    return void
}
alias object _ZN5boost9parameter3aux8default_INS_5graph8keywords3tag9color_mapEKiEC2ERS7_ = @boost__parameter__aux__default__boost__graph__keywords__tag__color_map__int_const___default__boost__graph__keywords__tag__color_map__int_const_
