global @__pa83_array_0 [binding=internal, storage=readonly] = {
  i32 0
  i32 0
  i32 0
  i32 0
  i32 0
  i32 0
  i32 0
  i32 0
  i32 0
}
global @__pa83_array_1 [binding=internal, storage=readonly] = {
  i32 0
  i32 0
}
function @main() -> i32 [role=entry, binding=strong, keep_alias=yes] {
  slot $matrix : obj<36x4>
  slot $vector : obj<8x4>

  block ^entry:
    %t1 = addr $matrix
    copyobj 36x4 @__pa83_array_0, %t1
    %t10 = addr $vector
    copyobj 8x4 @__pa83_array_1, %t10
    %t12 = addr $matrix
    %t13 = addr $vector
    call void @translate(%t12, %t13)
    return i32 0
}
function @translate(%__param0 : ptr [pass=by_address, object_bytes=36], %__param1 : ptr [pass=by_address, object_bytes=8]) -> void [binding=weak, object=_Z9translateIiLi3EEvRAT0__AT0__T_RA_S0_] {
  slot $__param0 : ptr
  slot $__param1 : ptr

  block ^entry:
    store ptr %__param0, $__param0
    store ptr %__param1, $__param1
    return void
}
