global @__pa83_array_0 [binding=internal, storage=readonly] = {
  i8 104
  i8 101
  i8 108
  i8 108
  i8 111
  i8 0
}
global @dynamic_extent : i64 [storage=readonly, binding=internal, object=_Z14dynamic_extent] = -1

function @main() -> i32 [role=entry, binding=strong, keep_alias=yes] {
  slot $text : obj<6x1>
  slot $value : obj<8x8>
  slot $cond__1 : i32

  block ^entry:
    %t1 = addr $text
    copyobj 6x1 @__pa83_array_0, %t1
    %t7 = addr $value
    %t8 = addr $text
    %t9 = convert sext i64 i32 5
    call void @span_char_const___1___span_char_const___1___ov3(%t7, %t8, %t9)
    %t10 = addr $value
    %t11 = index i8 [projection=field] %t10, 0
    %t12 = load i64 %t11
    %t13 = convert sext i64 i32 5
    %t14 = cmp eq i64 %t12, %t13
    branch %t14, ^cond_then_1, ^cond_else_2

  block ^cond_then_1:
    store i32 0, $cond__1
    jump ^cond_end_3

  block ^cond_else_2:
    store i32 1, $cond__1
    jump ^cond_end_3

  block ^cond_end_3:
    %t15 = load i32 $cond__1
    return i32 %t15
}
function @span_char_const___1___span_char_const___1___ov3(%this : ptr [object_bytes=8], %__param1 : ptr, %count : i64) -> void [binding=weak, object=_ZN4spanIKcLm18446744073709551615EEC1IS0_Li0EEEPT_m, inline_hint=yes] {
  slot $this : ptr
  slot $__param1 : ptr
  slot $count : i64

  block ^entry:
    store ptr %this, $this
    store ptr %__param1, $__param1
    store i64 %count, $count
    %t1 = load i64 $count
    %t2 = load ptr $this
    %t3 = index i8 [projection=field] %t2, 0
    store i64 %t1, %t3
    return void
}
alias object _ZN4spanIKcLm18446744073709551615EEC2IS0_Li0EEEPT_m = @span_char_const___1___span_char_const___1___ov3
