function @main() -> i32 [role=entry, binding=strong, keep_alias=yes] {
  slot $a : obj<1x1>
  slot $b : obj<1x1>
  slot $c : obj<1x1>
  slot $value : obj<1x1>

  block ^entry:
    %t1 = addr $a
    %t2 = addr $b
    %t3 = addr $c
    %t4 = addr $value
    %t5 = addr $a
    %t6 = addr $b
    %t7 = addr $c
    call void @key_first__second__third___key_first__second__third___ov5(%t4, %t5, %t6, %t7)
    %t8 = addr $value
    return i32 0
}
function @key_first__second__third___key_first__second__third___ov5(%this : ptr [object_bytes=1], %args : ptr [pass=by_address, object_bytes=1], %args__pack2 : ptr [pass=by_address, object_bytes=1], %args__pack3 : ptr [pass=by_address, object_bytes=1]) -> void [binding=weak, object=_ZN3keyIJ5first6second5thirdEEC1ERS0_RS1_RS2_, inline_hint=yes] {
  slot $this : ptr
  slot $args : ptr
  slot $args__pack2 : ptr
  slot $args__pack3 : ptr

  block ^entry:
    store ptr %this, $this
    store ptr %args, $args
    store ptr %args__pack2, $args__pack2
    store ptr %args__pack3, $args__pack3
    %t1 = load ptr $this
    %t2 = index i8 %t1, 0
    %t3 = load ptr $args
    %t4 = load ptr $args__pack2
    %t5 = load ptr $args__pack3
    call void @tuple_like_first__second__third___tuple_like_first__second__third___ov4__base_entry(%t2, %t3, %t4, %t5)
    return void
}
function @tuple_like_first__second__third___tuple_like_first__second__third___ov4__base_entry(%this : ptr [object_bytes=1], %args : ptr [pass=by_address, object_bytes=1], %args__pack2 : ptr [pass=by_address, object_bytes=1], %args__pack3 : ptr [pass=by_address, object_bytes=1]) -> void [binding=weak, object=_ZN10tuple_likeIJ5first6second5thirdEEC2IRS0_RS1_RS2_Li0EEEDpOT_, object_root=yes, inline_hint=yes] {
  slot $this : ptr
  slot $args : ptr
  slot $args__pack2 : ptr
  slot $args__pack3 : ptr
  slot $argobj__1 : obj<1x1>

  block ^entry:
    store ptr %this, $this
    store ptr %args, $args
    store ptr %args__pack2, $args__pack2
    store ptr %args__pack3, $args__pack3
    %t1 = load ptr $this
    %t2 = addr $argobj__1
    zeroinit 1x1 %t2
    %t3 = load ptr $args
    %t4 = load ptr $args__pack2
    %t5 = load ptr $args__pack3
    call void @tuple_like_first__second__third___tuple_like_first__second__third___base_entry(%t1, $argobj__1, %t3, %t4, %t5)
    return void
}
function @tuple_like_first__second__third___tuple_like_first__second__third___base_entry(%this : ptr [object_bytes=1], %__param1 : obj<1x1>, %__param2 : ptr [pass=by_address, object_bytes=1], %__param3 : ptr [pass=by_address, object_bytes=1], %__param4 : ptr [pass=by_address, object_bytes=1]) -> void [binding=weak, object=_ZN10tuple_likeIJ5first6second5thirdEEC2ENS3_3tagERKS0_RKS1_RKS2_, object_root=yes, inline_hint=yes] {
  slot $this : ptr
  slot $__param1 : obj<1x1>
  slot $__param2 : ptr
  slot $__param3 : ptr
  slot $__param4 : ptr

  block ^entry:
    store ptr %this, $this
    store ptr %__param2, $__param2
    store ptr %__param3, $__param3
    store ptr %__param4, $__param4
    return void
}
alias object _ZN3keyIJ5first6second5thirdEEC2ERS0_RS1_RS2_ = @key_first__second__third___key_first__second__third___ov5
